Archive member included to satisfy reference by file (symbol)

k:/atmel/studio/7.0/toolchain/arm/arm-gnu-toolchain/bin/../lib/gcc/arm-none-eabi/6.3.1/thumb/v6-m\libgcc.a(_udivsi3.o)
                              src/ASF/common2/services/delay/sam0/systick_counter.o (__aeabi_uidiv)
k:/atmel/studio/7.0/toolchain/arm/arm-gnu-toolchain/bin/../lib/gcc/arm-none-eabi/6.3.1/thumb/v6-m\libgcc.a(_divsi3.o)
                              src/ASF/thirdparty/fatfs/fatfs-r0.09/src/ff.o (__aeabi_idiv)
k:/atmel/studio/7.0/toolchain/arm/arm-gnu-toolchain/bin/../lib/gcc/arm-none-eabi/6.3.1/thumb/v6-m\libgcc.a(_dvmd_tls.o)
                              k:/atmel/studio/7.0/toolchain/arm/arm-gnu-toolchain/bin/../lib/gcc/arm-none-eabi/6.3.1/thumb/v6-m\libgcc.a(_udivsi3.o) (__aeabi_idiv0)
k:/atmel/studio/7.0/toolchain/arm/arm-gnu-toolchain/bin/../lib/gcc/arm-none-eabi/6.3.1/thumb/v6-m\libgcc.a(_muldi3.o)
                              src/ASF/sam0/drivers/sercom/sercom.o (__aeabi_lmul)
k:/atmel/studio/7.0/toolchain/arm/arm-gnu-toolchain/bin/../lib/gcc/arm-none-eabi/6.3.1/thumb/v6-m\libgcc.a(adddf3.o)
                              src/ASF/sam0/drivers/sercom/i2c/i2c_sam0/i2c_master.o (__aeabi_dadd)
k:/atmel/studio/7.0/toolchain/arm/arm-gnu-toolchain/bin/../lib/gcc/arm-none-eabi/6.3.1/thumb/v6-m\libgcc.a(divdf3.o)
                              src/ASF/sam0/drivers/sercom/i2c/i2c_sam0/i2c_master.o (__aeabi_ddiv)
k:/atmel/studio/7.0/toolchain/arm/arm-gnu-toolchain/bin/../lib/gcc/arm-none-eabi/6.3.1/thumb/v6-m\libgcc.a(muldf3.o)
                              src/ASF/sam0/drivers/sercom/i2c/i2c_sam0/i2c_master.o (__aeabi_dmul)
k:/atmel/studio/7.0/toolchain/arm/arm-gnu-toolchain/bin/../lib/gcc/arm-none-eabi/6.3.1/thumb/v6-m\libgcc.a(subdf3.o)
                              src/ASF/sam0/drivers/sercom/i2c/i2c_sam0/i2c_master.o (__aeabi_dsub)
k:/atmel/studio/7.0/toolchain/arm/arm-gnu-toolchain/bin/../lib/gcc/arm-none-eabi/6.3.1/thumb/v6-m\libgcc.a(fixdfsi.o)
                              src/ASF/sam0/drivers/sercom/i2c/i2c_sam0/i2c_master.o (__aeabi_d2iz)
k:/atmel/studio/7.0/toolchain/arm/arm-gnu-toolchain/bin/../lib/gcc/arm-none-eabi/6.3.1/thumb/v6-m\libgcc.a(floatunsidf.o)
                              src/ASF/sam0/drivers/sercom/i2c/i2c_sam0/i2c_master.o (__aeabi_ui2d)
k:/atmel/studio/7.0/toolchain/arm/arm-gnu-toolchain/bin/../lib/gcc/arm-none-eabi/6.3.1/thumb/v6-m\libgcc.a(_clzsi2.o)
                              k:/atmel/studio/7.0/toolchain/arm/arm-gnu-toolchain/bin/../lib/gcc/arm-none-eabi/6.3.1/thumb/v6-m\libgcc.a(adddf3.o) (__clzsi2)
k:/atmel/studio/7.0/toolchain/arm/arm-gnu-toolchain/bin/../lib/gcc/arm-none-eabi/6.3.1/../../../../arm-none-eabi/lib/thumb/v6-m\libc_nano.a(lib_a-exit.o)
                              k:/atmel/studio/7.0/toolchain/arm/arm-gnu-toolchain/bin/../lib/gcc/arm-none-eabi/6.3.1/../../../../arm-none-eabi/lib/thumb/v6-m/crt0.o (exit)
k:/atmel/studio/7.0/toolchain/arm/arm-gnu-toolchain/bin/../lib/gcc/arm-none-eabi/6.3.1/../../../../arm-none-eabi/lib/thumb/v6-m\libc_nano.a(lib_a-impure.o)
                              k:/atmel/studio/7.0/toolchain/arm/arm-gnu-toolchain/bin/../lib/gcc/arm-none-eabi/6.3.1/../../../../arm-none-eabi/lib/thumb/v6-m\libc_nano.a(lib_a-exit.o) (_global_impure_ptr)
k:/atmel/studio/7.0/toolchain/arm/arm-gnu-toolchain/bin/../lib/gcc/arm-none-eabi/6.3.1/../../../../arm-none-eabi/lib/thumb/v6-m\libc_nano.a(lib_a-init.o)
                              k:/atmel/studio/7.0/toolchain/arm/arm-gnu-toolchain/bin/../lib/gcc/arm-none-eabi/6.3.1/../../../../arm-none-eabi/lib/thumb/v6-m/crt0.o (__libc_init_array)
k:/atmel/studio/7.0/toolchain/arm/arm-gnu-toolchain/bin/../lib/gcc/arm-none-eabi/6.3.1/../../../../arm-none-eabi/lib/thumb/v6-m\libc_nano.a(lib_a-malloc.o)
                              src/SerialConsole/circular_buffer.o (malloc)
k:/atmel/studio/7.0/toolchain/arm/arm-gnu-toolchain/bin/../lib/gcc/arm-none-eabi/6.3.1/../../../../arm-none-eabi/lib/thumb/v6-m\libc_nano.a(lib_a-memcpy-stub.o)
                              src/ASF/thirdparty/fatfs/fatfs-port-r0.09/diskio.o (memcpy)
k:/atmel/studio/7.0/toolchain/arm/arm-gnu-toolchain/bin/../lib/gcc/arm-none-eabi/6.3.1/../../../../arm-none-eabi/lib/thumb/v6-m\libc_nano.a(lib_a-memset.o)
                              k:/atmel/studio/7.0/toolchain/arm/arm-gnu-toolchain/bin/../lib/gcc/arm-none-eabi/6.3.1/../../../../arm-none-eabi/lib/thumb/v6-m/crt0.o (memset)
k:/atmel/studio/7.0/toolchain/arm/arm-gnu-toolchain/bin/../lib/gcc/arm-none-eabi/6.3.1/../../../../arm-none-eabi/lib/thumb/v6-m\libc_nano.a(lib_a-nano-freer.o)
                              k:/atmel/studio/7.0/toolchain/arm/arm-gnu-toolchain/bin/../lib/gcc/arm-none-eabi/6.3.1/../../../../arm-none-eabi/lib/thumb/v6-m\libc_nano.a(lib_a-malloc.o) (_free_r)
k:/atmel/studio/7.0/toolchain/arm/arm-gnu-toolchain/bin/../lib/gcc/arm-none-eabi/6.3.1/../../../../arm-none-eabi/lib/thumb/v6-m\libc_nano.a(lib_a-nano-mallocr.o)
[...]
Memory Configuration

Name             Origin             Length             Attributes
rom              0x00000000         0x00040000         xr
ram              0x20000000         0x00008000         xrw
*default*        0x00000000         0xffffffff

Linker script and memory map

LOAD k:/atmel/studio/7.0/toolchain/arm/arm-gnu-toolchain/bin/../lib/gcc/arm-none-eabi/6.3.1/thumb/v6-m/crti.o
LOAD k:/atmel/studio/7.0/toolchain/arm/arm-gnu-toolchain/bin/../lib/gcc/arm-none-eabi/6.3.1/thumb/v6-m/crtbegin.o
LOAD k:/atmel/studio/7.0/toolchain/arm/arm-gnu-toolchain/bin/../lib/gcc/arm-none-eabi/6.3.1/../../../../arm-none-eabi/lib/thumb/v6-m/crt0.o
LOAD src/ASF/common2/services/delay/sam0/systick_counter.o
LOAD src/Systick/Systick.o
LOAD src/ASF/common/services/crc32/crc32.o
LOAD src/ASF/sam0/boards/board_init.o
LOAD src/ASF/sam0/drivers/dsu/crc32/crc32.o
LOAD src/ASF/sam0/drivers/nvm/nvm.o
LOAD src/ASF/sam0/drivers/pac/pac_sam_d_r_h/pac.o
LOAD src/ASF/sam0/drivers/sercom/i2c/i2c_sam0/i2c_master.o
LOAD src/SD Card/SdCard.o
LOAD src/SerialConsole/circular_buffer.o
LOAD src/SerialConsole/SerialConsole.o
LOAD src/ASF/common2/components/memory/sd_mmc/sd_mmc.o
LOAD src/ASF/common2/components/memory/sd_mmc/sd_mmc_mem.o
LOAD src/ASF/common2/components/memory/sd_mmc/sd_mmc_spi.o
LOAD src/ASF/common/services/storage/ctrl_access/ctrl_access.o
LOAD src/ASF/common/utils/interrupt/interrupt_sam_nvic.o
LOAD src/ASF/sam0/drivers/port/port.o
LOAD src/ASF/sam0/drivers/rtc/rtc_sam_d_r_h/rtc_calendar.o
LOAD src/ASF/sam0/drivers/sercom/sercom.o
LOAD src/ASF/sam0/drivers/sercom/sercom_interrupt.o
LOAD src/ASF/sam0/drivers/sercom/spi/spi.o
LOAD src/ASF/sam0/drivers/sercom/spi/spi_interrupt.o
LOAD src/ASF/sam0/drivers/sercom/usart/usart.o
LOAD src/ASF/sam0/drivers/sercom/usart/usart_interrupt.o
LOAD src/ASF/sam0/drivers/system/clock/clock_samd21_r21_da_ha1/clock.o
LOAD src/ASF/sam0/drivers/system/clock/clock_samd21_r21_da_ha1/gclk.o
LOAD src/ASF/sam0/drivers/system/interrupt/system_interrupt.o
LOAD src/ASF/sam0/drivers/system/pinmux/pinmux.o
LOAD src/ASF/sam0/drivers/system/system.o
LOAD src/ASF/sam0/utils/cmsis/samd21/source/gcc/startup_samd21.o
LOAD src/ASF/sam0/utils/cmsis/samd21/source/system_samd21.o
LOAD src/ASF/sam0/utils/stdio/read.o
LOAD src/ASF/sam0/utils/stdio/write.o
LOAD src/ASF/sam0/utils/syscalls/gcc/syscalls.o
LOAD src/ASF/thirdparty/fatfs/fatfs-port-r0.09/diskio.o
LOAD src/ASF/thirdparty/fatfs/fatfs-port-r0.09/sam0/fattime_rtc.o
LOAD src/ASF/thirdparty/fatfs/fatfs-r0.09/src/ff.o
LOAD src/ASF/thirdparty/fatfs/fatfs-r0.09/src/option/ccsbcs.o
LOAD src/BootMain.o
START GROUP
LOAD ../src/ASF/thirdparty/CMSIS/Lib/GCC\libarm_cortexM0l_math.a
LOAD k:/atmel/studio/7.0/toolchain/arm/arm-gnu-toolchain/bin/../lib/gcc/arm-none-eabi/6.3.1/../../../../arm-none-eabi/lib/thumb/v6-m\libm.a
END GROUP
                0x00002000                __stack_size__ = 0x2000
START GROUP
LOAD k:/atmel/studio/7.0/toolchain/arm/arm-gnu-toolchain/bin/../lib/gcc/arm-none-eabi/6.3.1/thumb/v6-m\libgcc.a
LOAD k:/atmel/studio/7.0/toolchain/arm/arm-gnu-toolchain/bin/../lib/gcc/arm-none-eabi/6.3.1/../../../../arm-none-eabi/lib/thumb/v6-m\libc_nano.a
END GROUP
START GROUP
LOAD k:/atmel/studio/7.0/toolchain/arm/arm-gnu-toolchain/bin/../lib/gcc/arm-none-eabi/6.3.1/thumb/v6-m\libgcc.a
LOAD k:/atmel/studio/7.0/toolchain/arm/arm-gnu-toolchain/bin/../lib/gcc/arm-none-eabi/6.3.1/../../../../arm-none-eabi/lib/thumb/v6-m\libc_nano.a
END GROUP
LOAD k:/atmel/studio/7.0/toolchain/arm/arm-gnu-toolchain/bin/../lib/gcc/arm-none-eabi/6.3.1/thumb/v6-m/crtend.o
LOAD k:/atmel/studio/7.0/toolchain/arm/arm-gnu-toolchain/bin/../lib/gcc/arm-none-eabi/6.3.1/thumb/v6-m/crtn.o
                0x00002000                STACK_SIZE = DEFINED (STACK_SIZE)?STACK_SIZE:DEFINED (__stack_size__)?__stack_size__:0x2000

.text           0x00000000     0xcdd8
                0x00000000                . = ALIGN (0x4)
                0x00000000                _sfixed = .
 *(.vectors .vectors.*)
 .vectors       0x00000000       0xb4 src/ASF/sam0/utils/cmsis/samd21/source/gcc/startup_samd21.o
                0x00000000                exception_table
 *(.text .text.* .gnu.linkonce.t.*)
 .text          0x000000b4       0x60 k:/atmel/studio/7.0/toolchain/arm/arm-gnu-toolchain/bin/../lib/gcc/arm-none-eabi/6.3.1/thumb/v6-m/crtbegin.o
 .text.delay_cycles
                0x00000114       0x34 src/ASF/common2/services/delay/sam0/systick_counter.o
 .text.delay_init
                0x00000148       0x58 src/ASF/common2/services/delay/sam0/systick_counter.o
                0x00000148                delay_init
 .text.delay_cycles_ms
                0x000001a0       0x30 src/ASF/common2/services/delay/sam0/systick_counter.o
                0x000001a0                delay_cycles_ms
 .text.GetSystick
                0x000001d0       0x14 src/Systick/Systick.o
                0x000001d0                GetSystick
 .text.SysTick_Handler
                0x000001e4       0x18 src/Systick/Systick.o
                0x000001e4                SysTick_Handler
 .text.system_pinmux_get_group_from_gpio_pin
                0x000001fc       0x60 src/ASF/sam0/boards/board_init.o
 .text.port_get_group_from_gpio_pin
                0x0000025c       0x24 src/ASF/sam0/boards/board_init.o
 .text.port_get_config_defaults
                0x00000280       0x22 src/ASF/sam0/boards/board_init.o
 *fill*         0x000002a2        0x2 
 .text.port_pin_set_output_level
                0x000002a4       0x54 src/ASF/sam0/boards/board_init.o
 .text.system_board_init
                0x000002f8       0x50 src/ASF/sam0/boards/board_init.o
                0x000002f8                board_init
                0x000002f8                system_board_init
 .text.nvm_is_ready
                0x00000348       0x28 src/ASF/sam0/drivers/nvm/nvm.o
 .text.system_apb_clock_set_mask
                0x00000370       0x5c src/ASF/sam0/drivers/nvm/nvm.o
 .text.nvm_set_config
                0x000003cc       0xd8 src/ASF/sam0/drivers/nvm/nvm.o
                0x000003cc                nvm_set_config
 .text.nvm_get_parameters
                0x000004a4       0xbc src/ASF/sam0/drivers/nvm/nvm.o
                0x000004a4                nvm_get_parameters
 .text.SdCard_Initiate
                0x00000560       0x6c src/SD Card/SdCard.o
                0x00000560                SdCard_Initiate
 .text.advance_pointer
                0x000005cc       0x60 src/SerialConsole/circular_buffer.o
 .text.retreat_pointer
                0x0000062c       0x34 src/SerialConsole/circular_buffer.o
 .text.circular_buf_init
                0x00000660       0x3c src/SerialConsole/circular_buffer.o
                0x00000660                circular_buf_init
 .text.circular_buf_reset
                0x0000069c       0x22 src/SerialConsole/circular_buffer.o
                0x0000069c                circular_buf_reset
 *fill*         0x000006be        0x2 
 .text.circular_buf_put
                0x000006c0       0x34 src/SerialConsole/circular_buffer.o
                0x000006c0                circular_buf_put
 .text.circular_buf_get
                0x000006f4       0x54 src/SerialConsole/circular_buffer.o
                0x000006f4                circular_buf_get
 .text.circular_buf_empty
                0x00000748       0x38 src/SerialConsole/circular_buffer.o
                0x00000748                circular_buf_empty
 .text.system_interrupt_enable
                0x00000780       0x2c src/SerialConsole/SerialConsole.o
 .text.system_interrupt_disable
                0x000007ac       0x30 src/SerialConsole/SerialConsole.o
 .text.usart_is_syncing
                0x000007dc       0x20 src/SerialConsole/SerialConsole.o
 .text._usart_wait_for_sync
                0x000007fc       0x24 src/SerialConsole/SerialConsole.o
 .text.usart_get_config_defaults
                0x00000820       0xbe src/SerialConsole/SerialConsole.o
 *fill*         0x000008de        0x2 
 .text.usart_enable
                0x000008e0       0x48 src/SerialConsole/SerialConsole.o
 .text.usart_disable
                0x00000928       0x4c src/SerialConsole/SerialConsole.o
 .text.usart_enable_callback
                0x00000974       0x36 src/SerialConsole/SerialConsole.o
 *fill*         0x000009aa        0x2 
 .text.usart_serial_putchar
                0x000009ac       0x34 src/SerialConsole/SerialConsole.o
 .text.usart_serial_getchar
                0x000009e0       0x40 src/SerialConsole/SerialConsole.o
 .text.stdio_serial_init
                0x00000a20       0x60 src/SerialConsole/SerialConsole.o
 .text.InitializeSerialConsole
                0x00000a80       0x70 src/SerialConsole/SerialConsole.o
                0x00000a80                InitializeSerialConsole
 .text.DeinitializeSerialConsole
                0x00000af0       0x1c src/SerialConsole/SerialConsole.o
                0x00000af0                DeinitializeSerialConsole
 .text.SerialConsoleWriteString
                0x00000b0c       0x8c src/SerialConsole/SerialConsole.o
                0x00000b0c                SerialConsoleWriteString
 .text.LogMessage
                0x00000b98       0x1c src/SerialConsole/SerialConsole.o
                0x00000b98                LogMessage
 .text.configure_usart
                0x00000bb4       0x88 src/SerialConsole/SerialConsole.o
 .text.configure_usart_callbacks
                0x00000c3c       0x4c src/SerialConsole/SerialConsole.o
 .text.usart_read_callback
                0x00000c88       0x70 src/SerialConsole/SerialConsole.o
                0x00000c88                usart_read_callback
 .text.usart_write_callback
                0x00000cf8       0x44 src/SerialConsole/SerialConsole.o
                0x00000cf8                usart_write_callback
 .text.SDMMC_UNSTUFF_BITS
                0x00000d3c      0x15c src/ASF/common2/components/memory/sd_mmc/sd_mmc.o
 .text.mmc_spi_op_cond
                0x00000e98       0xac src/ASF/common2/components/memory/sd_mmc/sd_mmc.o
 .text.sd_spi_op_cond
                0x00000f44       0xe4 src/ASF/common2/components/memory/sd_mmc/sd_mmc.o
 .text.sdio_op_cond
                0x00001028        0xc src/ASF/common2/components/memory/sd_mmc/sd_mmc.o
 .text.sd_cmd8  0x00001034       0x70 src/ASF/common2/components/memory/sd_mmc/sd_mmc.o
 .text.mmc_cmd8
                0x000010a4      0x12c src/ASF/common2/components/memory/sd_mmc/sd_mmc.o
 .text.sd_mmc_cmd9_spi
                0x000011d0       0x70 src/ASF/common2/components/memory/sd_mmc/sd_mmc.o
 .text.mmc_decode_csd
                0x00001240      0x130 src/ASF/common2/components/memory/sd_mmc/sd_mmc.o
 .text.sd_decode_csd
                0x00001370       0xec src/ASF/common2/components/memory/sd_mmc/sd_mmc.o
 .text.sd_mmc_cmd13
                0x0000145c       0x5c src/ASF/common2/components/memory/sd_mmc/sd_mmc.o
 .text.sd_acmd51
                0x000014b8      0x108 src/ASF/common2/components/memory/sd_mmc/sd_mmc.o
 .text.sd_mmc_select_slot
                0x000015c0       0xc4 src/ASF/common2/components/memory/sd_mmc/sd_mmc.o
 .text.sd_mmc_configure_slot
                0x00001684       0x38 src/ASF/common2/components/memory/sd_mmc/sd_mmc.o
 .text.sd_mmc_deselect_slot
                0x000016bc       0x24 src/ASF/common2/components/memory/sd_mmc/sd_mmc.o
 .text.sd_mmc_spi_card_init
                0x000016e0      0x1ac src/ASF/common2/components/memory/sd_mmc/sd_mmc.o
 .text.sd_mmc_spi_install_mmc
                0x0000188c      0x100 src/ASF/common2/components/memory/sd_mmc/sd_mmc.o
 .text.sd_mmc_init
                0x0000198c       0x50 src/ASF/common2/components/memory/sd_mmc/sd_mmc.o
                0x0000198c                sd_mmc_init
 .text.sd_mmc_check
                0x000019dc       0x74 src/ASF/common2/components/memory/sd_mmc/sd_mmc.o
                0x000019dc                sd_mmc_check
 .text.sd_mmc_get_type
                0x00001a50       0x3c src/ASF/common2/components/memory/sd_mmc/sd_mmc.o
                0x00001a50                sd_mmc_get_type
 .text.sd_mmc_get_capacity
                0x00001a8c       0x3c src/ASF/common2/components/memory/sd_mmc/sd_mmc.o
                0x00001a8c                sd_mmc_get_capacity
 .text.sd_mmc_is_write_protected
                0x00001ac8       0x16 src/ASF/common2/components/memory/sd_mmc/sd_mmc.o
                0x00001ac8                sd_mmc_is_write_protected
 *fill*         0x00001ade        0x2 
 .text.sd_mmc_init_read_blocks
                0x00001ae0       0xec src/ASF/common2/components/memory/sd_mmc/sd_mmc.o
                0x00001ae0                sd_mmc_init_read_blocks
 .text.sd_mmc_start_read_blocks
                0x00001bcc       0x58 src/ASF/common2/components/memory/sd_mmc/sd_mmc.o
                0x00001bcc                sd_mmc_start_read_blocks
 .text.sd_mmc_wait_end_of_read_blocks
                0x00001c24       0x98 src/ASF/common2/components/memory/sd_mmc/sd_mmc.o
                0x00001c24                sd_mmc_wait_end_of_read_blocks
 .text.sd_mmc_init_write_blocks
                0x00001cbc       0xe8 src/ASF/common2/components/memory/sd_mmc/sd_mmc.o
                0x00001cbc                sd_mmc_init_write_blocks
 .text.sd_mmc_start_write_blocks
                0x00001da4       0x58 src/ASF/common2/components/memory/sd_mmc/sd_mmc.o
                0x00001da4                sd_mmc_start_write_blocks
 .text.sd_mmc_wait_end_of_write_blocks
                0x00001dfc       0x6c src/ASF/common2/components/memory/sd_mmc/sd_mmc.o
                0x00001dfc                sd_mmc_wait_end_of_write_blocks
 .text.sd_mmc_test_unit_ready
                0x00001e68       0x78 src/ASF/common2/components/memory/sd_mmc/sd_mmc_mem.o
                0x00001e68                sd_mmc_test_unit_ready
 .text.sd_mmc_test_unit_ready_0
                0x00001ee0       0x18 src/ASF/common2/components/memory/sd_mmc/sd_mmc_mem.o
                0x00001ee0                sd_mmc_test_unit_ready_0
 .text.sd_mmc_read_capacity
                0x00001ef8       0x40 src/ASF/common2/components/memory/sd_mmc/sd_mmc_mem.o
                0x00001ef8                sd_mmc_read_capacity
 .text.sd_mmc_read_capacity_0
                0x00001f38       0x20 src/ASF/common2/components/memory/sd_mmc/sd_mmc_mem.o
                0x00001f38                sd_mmc_read_capacity_0
 .text.sd_mmc_unload
                0x00001f58       0x2c src/ASF/common2/components/memory/sd_mmc/sd_mmc_mem.o
                0x00001f58                sd_mmc_unload
 .text.sd_mmc_unload_0
                0x00001f84       0x28 src/ASF/common2/components/memory/sd_mmc/sd_mmc_mem.o
                0x00001f84                sd_mmc_unload_0
 .text.sd_mmc_wr_protect
                0x00001fac       0x24 src/ASF/common2/components/memory/sd_mmc/sd_mmc_mem.o
                0x00001fac                sd_mmc_wr_protect
 .text.sd_mmc_wr_protect_0
                0x00001fd0       0x18 src/ASF/common2/components/memory/sd_mmc/sd_mmc_mem.o
                0x00001fd0                sd_mmc_wr_protect_0
 .text.sd_mmc_removal
                0x00001fe8       0x16 src/ASF/common2/components/memory/sd_mmc/sd_mmc_mem.o
                0x00001fe8                sd_mmc_removal
 *fill*         0x00001ffe        0x2 
 .text.sd_mmc_removal_0
                0x00002000       0x18 src/ASF/common2/components/memory/sd_mmc/sd_mmc_mem.o
                0x00002000                sd_mmc_removal_0
 .text.sd_mmc_mem_2_ram
                0x00002018       0x6c src/ASF/common2/components/memory/sd_mmc/sd_mmc_mem.o
                0x00002018                sd_mmc_mem_2_ram
 .text.sd_mmc_mem_2_ram_0
                0x00002084       0x24 src/ASF/common2/components/memory/sd_mmc/sd_mmc_mem.o
                0x00002084                sd_mmc_mem_2_ram_0
 .text.sd_mmc_ram_2_mem
                0x000020a8       0x6c src/ASF/common2/components/memory/sd_mmc/sd_mmc_mem.o
                0x000020a8                sd_mmc_ram_2_mem
 .text.sd_mmc_ram_2_mem_0
                0x00002114       0x24 src/ASF/common2/components/memory/sd_mmc/sd_mmc_mem.o
                0x00002114                sd_mmc_ram_2_mem_0
 .text.system_pinmux_get_group_from_gpio_pin
                0x00002138       0x60 src/ASF/common2/components/memory/sd_mmc/sd_mmc_spi.o
 .text.port_get_group_from_gpio_pin
                0x00002198       0x24 src/ASF/common2/components/memory/sd_mmc/sd_mmc_spi.o
 .text.port_get_config_defaults
                0x000021bc       0x22 src/ASF/common2/components/memory/sd_mmc/sd_mmc_spi.o
 *fill*         0x000021de        0x2 
 .text.port_pin_set_output_level
                0x000021e0       0x54 src/ASF/common2/components/memory/sd_mmc/sd_mmc_spi.o
 .text.system_interrupt_enable
                0x00002234       0x2c src/ASF/common2/components/memory/sd_mmc/sd_mmc_spi.o
 .text.spi_is_syncing
                0x00002260       0x20 src/ASF/common2/components/memory/sd_mmc/sd_mmc_spi.o
 .text.spi_get_config_defaults
                0x00002280       0x84 src/ASF/common2/components/memory/sd_mmc/sd_mmc_spi.o
 .text.spi_slave_inst_get_config_defaults
                0x00002304       0x22 src/ASF/common2/components/memory/sd_mmc/sd_mmc_spi.o
 *fill*         0x00002326        0x2 
 .text.spi_attach_slave
                0x00002328       0x64 src/ASF/common2/components/memory/sd_mmc/sd_mmc_spi.o
 .text.spi_enable
                0x0000238c       0x50 src/ASF/common2/components/memory/sd_mmc/sd_mmc_spi.o
 .text.sd_mmc_spi_crc7
                0x000023dc       0xbc src/ASF/common2/components/memory/sd_mmc/sd_mmc_spi.o
 .text.sd_mmc_spi_wait_busy
                0x00002498       0x6c src/ASF/common2/components/memory/sd_mmc/sd_mmc_spi.o
 .text.sd_mmc_spi_start_read_block
                0x00002504       0x84 src/ASF/common2/components/memory/sd_mmc/sd_mmc_spi.o
 .text.sd_mmc_spi_stop_read_block
                0x00002588       0x2c src/ASF/common2/components/memory/sd_mmc/sd_mmc_spi.o
 .text.sd_mmc_spi_start_write_block
                0x000025b4       0x50 src/ASF/common2/components/memory/sd_mmc/sd_mmc_spi.o
 .text.sd_mmc_spi_stop_write_block
                0x00002604       0x94 src/ASF/common2/components/memory/sd_mmc/sd_mmc_spi.o
 .text.sd_mmc_spi_stop_multiwrite_block
                0x00002698       0x9c src/ASF/common2/components/memory/sd_mmc/sd_mmc_spi.o
 .text.sd_mmc_deinit
                0x00002734       0x1c src/ASF/common2/components/memory/sd_mmc/sd_mmc_spi.o
                0x00002734                sd_mmc_deinit
 .text.sd_mmc_spi_init
                0x00002750       0xc8 src/ASF/common2/components/memory/sd_mmc/sd_mmc_spi.o
                0x00002750                sd_mmc_spi_init
 .text.sd_mmc_spi_select_device
                0x00002818       0x88 src/ASF/common2/components/memory/sd_mmc/sd_mmc_spi.o
                0x00002818                sd_mmc_spi_select_device
 .text.sd_mmc_spi_deselect_device
                0x000028a0       0x44 src/ASF/common2/components/memory/sd_mmc/sd_mmc_spi.o
                0x000028a0                sd_mmc_spi_deselect_device
 .text.sd_mmc_spi_send_clock
                0x000028e4       0x4c src/ASF/common2/components/memory/sd_mmc/sd_mmc_spi.o
                0x000028e4                sd_mmc_spi_send_clock
 .text.sd_mmc_spi_send_cmd
                0x00002930       0x28 src/ASF/common2/components/memory/sd_mmc/sd_mmc_spi.o
                0x00002930                sd_mmc_spi_send_cmd
 .text.sd_mmc_spi_adtc_start
                0x00002958      0x218 src/ASF/common2/components/memory/sd_mmc/sd_mmc_spi.o
                0x00002958                sd_mmc_spi_adtc_start
 .text.sd_mmc_spi_get_response
                0x00002b70       0x14 src/ASF/common2/components/memory/sd_mmc/sd_mmc_spi.o
                0x00002b70                sd_mmc_spi_get_response
 .text.sd_mmc_spi_read_word
                0x00002b84       0xa4 src/ASF/common2/components/memory/sd_mmc/sd_mmc_spi.o
                0x00002b84                sd_mmc_spi_read_word
 .text.sd_mmc_spi_start_read_blocks
                0x00002c28       0xa4 src/ASF/common2/components/memory/sd_mmc/sd_mmc_spi.o
                0x00002c28                sd_mmc_spi_start_read_blocks
 .text.sd_mmc_spi_wait_end_of_read_blocks
                0x00002ccc        0xc src/ASF/common2/components/memory/sd_mmc/sd_mmc_spi.o
                0x00002ccc                sd_mmc_spi_wait_end_of_read_blocks
 .text.sd_mmc_spi_start_write_blocks
                0x00002cd8       0xc0 src/ASF/common2/components/memory/sd_mmc/sd_mmc_spi.o
                0x00002cd8                sd_mmc_spi_start_write_blocks
 .text.sd_mmc_spi_wait_end_of_write_blocks
                0x00002d98       0x38 src/ASF/common2/components/memory/sd_mmc/sd_mmc_spi.o
                0x00002d98                sd_mmc_spi_wait_end_of_write_blocks
 .text.mem_test_unit_ready
                0x00002dd0       0x40 src/ASF/common/services/storage/ctrl_access/ctrl_access.o
                0x00002dd0                mem_test_unit_ready
 .text.mem_read_capacity
                0x00002e10       0x4c src/ASF/common/services/storage/ctrl_access/ctrl_access.o
                0x00002e10                mem_read_capacity
 .text.mem_sector_size
                0x00002e5c       0x2a src/ASF/common/services/storage/ctrl_access/ctrl_access.o
                0x00002e5c                mem_sector_size
 *fill*         0x00002e86        0x2 
 .text.mem_wr_protect
                0x00002e88       0x48 src/ASF/common/services/storage/ctrl_access/ctrl_access.o
                0x00002e88                mem_wr_protect
 .text.memory_2_ram
                0x00002ed0       0x54 src/ASF/common/services/storage/ctrl_access/ctrl_access.o
                0x00002ed0                memory_2_ram
 .text.ram_2_memory
                0x00002f24       0x54 src/ASF/common/services/storage/ctrl_access/ctrl_access.o
                0x00002f24                ram_2_memory
 .text.cpu_irq_enter_critical
                0x00002f78       0x54 src/ASF/common/utils/interrupt/interrupt_sam_nvic.o
                0x00002f78                cpu_irq_enter_critical
 .text.cpu_irq_leave_critical
                0x00002fcc       0x40 src/ASF/common/utils/interrupt/interrupt_sam_nvic.o
                0x00002fcc                cpu_irq_leave_critical
 .text.system_pinmux_get_config_defaults
                0x0000300c       0x28 src/ASF/sam0/drivers/port/port.o
 .text.port_pin_set_config
                0x00003034       0x60 src/ASF/sam0/drivers/port/port.o
                0x00003034                port_pin_set_config
 .text.system_gclk_chan_get_config_defaults
                0x00003094       0x16 src/ASF/sam0/drivers/rtc/rtc_sam_d_r_h/rtc_calendar.o
 *fill*         0x000030aa        0x2 
 .text.system_apb_clock_set_mask
                0x000030ac       0x5c src/ASF/sam0/drivers/rtc/rtc_sam_d_r_h/rtc_calendar.o
 .text.rtc_calendar_is_syncing
                0x00003108       0x28 src/ASF/sam0/drivers/rtc/rtc_sam_d_r_h/rtc_calendar.o
 .text.rtc_calendar_enable
                0x00003130       0x38 src/ASF/sam0/drivers/rtc/rtc_sam_d_r_h/rtc_calendar.o
                0x00003130                rtc_calendar_enable
 .text.rtc_calendar_disable
                0x00003168       0x44 src/ASF/sam0/drivers/rtc/rtc_sam_d_r_h/rtc_calendar.o
                0x00003168                rtc_calendar_disable
 .text.rtc_calendar_reset
                0x000031ac       0x44 src/ASF/sam0/drivers/rtc/rtc_sam_d_r_h/rtc_calendar.o
                0x000031ac                rtc_calendar_reset
 .text.rtc_calendar_time_to_register_value
                0x000031f0       0x88 src/ASF/sam0/drivers/rtc/rtc_sam_d_r_h/rtc_calendar.o
                0x000031f0                rtc_calendar_time_to_register_value
 .text.rtc_calendar_register_value_to_time
                0x00003278       0xa0 src/ASF/sam0/drivers/rtc/rtc_sam_d_r_h/rtc_calendar.o
                0x00003278                rtc_calendar_register_value_to_time
 .text._rtc_calendar_set_config
                0x00003318       0xc8 src/ASF/sam0/drivers/rtc/rtc_sam_d_r_h/rtc_calendar.o
 .text.rtc_calendar_init
                0x000033e0       0x94 src/ASF/sam0/drivers/rtc/rtc_sam_d_r_h/rtc_calendar.o
                0x000033e0                rtc_calendar_init
 .text.rtc_calendar_get_time
                0x00003474       0x8c src/ASF/sam0/drivers/rtc/rtc_sam_d_r_h/rtc_calendar.o
                0x00003474                rtc_calendar_get_time
 .text.rtc_calendar_set_alarm
                0x00003500       0x74 src/ASF/sam0/drivers/rtc/rtc_sam_d_r_h/rtc_calendar.o
                0x00003500                rtc_calendar_set_alarm
 .text.system_gclk_chan_get_config_defaults
                0x00003574       0x16 src/ASF/sam0/drivers/sercom/sercom.o
 .text.long_division
                0x0000358a       0xe0 src/ASF/sam0/drivers/sercom/sercom.o
 .text._sercom_get_sync_baud_val
                0x0000366a       0x7c src/ASF/sam0/drivers/sercom/sercom.o
                0x0000366a                _sercom_get_sync_baud_val
 *fill*         0x000036e6        0x2 
 .text._sercom_get_async_baud_val
                0x000036e8      0x1c0 src/ASF/sam0/drivers/sercom/sercom.o
                0x000036e8                _sercom_get_async_baud_val
 .text.sercom_set_gclk_generator
                0x000038a8       0x8c src/ASF/sam0/drivers/sercom/sercom.o
                0x000038a8                sercom_set_gclk_generator
 .text._sercom_get_default_pad
                0x00003934      0x1bc src/ASF/sam0/drivers/sercom/sercom.o
                0x00003934                _sercom_get_default_pad
 .text._sercom_get_sercom_inst_index
                0x00003af0       0x50 src/ASF/sam0/drivers/sercom/sercom.o
                0x00003af0                _sercom_get_sercom_inst_index
 .text._sercom_default_handler
                0x00003b40       0x14 src/ASF/sam0/drivers/sercom/sercom_interrupt.o
 .text._sercom_set_handler
                0x00003b54       0x6c src/ASF/sam0/drivers/sercom/sercom_interrupt.o
                0x00003b54                _sercom_set_handler
 .text._sercom_get_interrupt_vector
                0x00003bc0       0x44 src/ASF/sam0/drivers/sercom/sercom_interrupt.o
                0x00003bc0                _sercom_get_interrupt_vector
 .text.SERCOM0_Handler
                0x00003c04       0x18 src/ASF/sam0/drivers/sercom/sercom_interrupt.o
                0x00003c04                SERCOM0_Handler
 .text.SERCOM1_Handler
                0x00003c1c       0x18 src/ASF/sam0/drivers/sercom/sercom_interrupt.o
                0x00003c1c                SERCOM1_Handler
 .text.SERCOM2_Handler
                0x00003c34       0x18 src/ASF/sam0/drivers/sercom/sercom_interrupt.o
                0x00003c34                SERCOM2_Handler
 .text.SERCOM3_Handler
                0x00003c4c       0x18 src/ASF/sam0/drivers/sercom/sercom_interrupt.o
                0x00003c4c                SERCOM3_Handler
 .text.SERCOM4_Handler
                0x00003c64       0x18 src/ASF/sam0/drivers/sercom/sercom_interrupt.o
                0x00003c64                SERCOM4_Handler
 .text.SERCOM5_Handler
                0x00003c7c       0x18 src/ASF/sam0/drivers/sercom/sercom_interrupt.o
                0x00003c7c                SERCOM5_Handler
 .text.system_pinmux_get_config_defaults
                0x00003c94       0x28 src/ASF/sam0/drivers/sercom/spi/spi.o
 .text.system_pinmux_get_group_from_gpio_pin
                0x00003cbc       0x60 src/ASF/sam0/drivers/sercom/spi/spi.o
 .text.port_get_group_from_gpio_pin
                0x00003d1c       0x24 src/ASF/sam0/drivers/sercom/spi/spi.o
 .text.port_pin_set_output_level
                0x00003d40       0x54 src/ASF/sam0/drivers/sercom/spi/spi.o
 .text.system_gclk_chan_get_config_defaults
                0x00003d94       0x16 src/ASF/sam0/drivers/sercom/spi/spi.o
 *fill*         0x00003daa        0x2 
 .text.system_apb_clock_set_mask
                0x00003dac       0x5c src/ASF/sam0/drivers/sercom/spi/spi.o
 .text.system_is_debugger_present
                0x00003e08       0x20 src/ASF/sam0/drivers/sercom/spi/spi.o
 .text.system_interrupt_enable
                0x00003e28       0x2c src/ASF/sam0/drivers/sercom/spi/spi.o
 .text.system_interrupt_disable
                0x00003e54       0x30 src/ASF/sam0/drivers/sercom/spi/spi.o
 .text.spi_is_syncing
                0x00003e84       0x20 src/ASF/sam0/drivers/sercom/spi/spi.o
 .text.spi_enable
                0x00003ea4       0x50 src/ASF/sam0/drivers/sercom/spi/spi.o
 .text.spi_disable
                0x00003ef4       0x5c src/ASF/sam0/drivers/sercom/spi/spi.o
 .text.spi_is_write_complete
                0x00003f50       0x28 src/ASF/sam0/drivers/sercom/spi/spi.o
 .text.spi_is_ready_to_write
                0x00003f78       0x28 src/ASF/sam0/drivers/sercom/spi/spi.o
 .text.spi_is_ready_to_read
                0x00003fa0       0x28 src/ASF/sam0/drivers/sercom/spi/spi.o
 .text.spi_write
                0x00003fc8       0x48 src/ASF/sam0/drivers/sercom/spi/spi.o
 .text.spi_read
                0x00004010       0x88 src/ASF/sam0/drivers/sercom/spi/spi.o
 .text.spi_reset
                0x00004098       0x40 src/ASF/sam0/drivers/sercom/spi/spi.o
                0x00004098                spi_reset
 .text.spi_set_baudrate
                0x000040d8       0xc8 src/ASF/sam0/drivers/sercom/spi/spi.o
                0x000040d8                spi_set_baudrate
 .text._spi_set_config
                0x000041a0      0x210 src/ASF/sam0/drivers/sercom/spi/spi.o
 .text.spi_init
                0x000043b0      0x190 src/ASF/sam0/drivers/sercom/spi/spi.o
                0x000043b0                spi_init
 .text.spi_read_buffer_wait
                0x00004540      0x134 src/ASF/sam0/drivers/sercom/spi/spi.o
                0x00004540                spi_read_buffer_wait
 .text.spi_select_slave
                0x00004674       0xf0 src/ASF/sam0/drivers/sercom/spi/spi.o
                0x00004674                spi_select_slave
 .text.spi_write_buffer_wait
                0x00004764      0x14c src/ASF/sam0/drivers/sercom/spi/spi.o
                0x00004764                spi_write_buffer_wait
 .text._spi_write
                0x000048b0       0x7a src/ASF/sam0/drivers/sercom/spi/spi_interrupt.o
 *fill*         0x0000492a        0x2 
 .text._spi_write_dummy
                0x0000492c       0x34 src/ASF/sam0/drivers/sercom/spi/spi_interrupt.o
 .text._spi_read_dummy
                0x00004960       0x36 src/ASF/sam0/drivers/sercom/spi/spi_interrupt.o
 .text._spi_read
                0x00004996       0x70 src/ASF/sam0/drivers/sercom/spi/spi_interrupt.o
 *fill*         0x00004a06        0x2 
 .text._spi_interrupt_handler
                0x00004a08      0x280 src/ASF/sam0/drivers/sercom/spi/spi_interrupt.o
                0x00004a08                _spi_interrupt_handler
 .text.system_gclk_chan_get_config_defaults
                0x00004c88       0x16 src/ASF/sam0/drivers/sercom/usart/usart.o
 *fill*         0x00004c9e        0x2 
 .text.system_apb_clock_set_mask
                0x00004ca0       0x5c src/ASF/sam0/drivers/sercom/usart/usart.o
 .text.system_pinmux_get_config_defaults
                0x00004cfc       0x28 src/ASF/sam0/drivers/sercom/usart/usart.o
 .text.system_is_debugger_present
                0x00004d24       0x20 src/ASF/sam0/drivers/sercom/usart/usart.o
 .text.usart_is_syncing
                0x00004d44       0x20 src/ASF/sam0/drivers/sercom/usart/usart.o
 .text._usart_wait_for_sync
                0x00004d64       0x24 src/ASF/sam0/drivers/sercom/usart/usart.o
 .text._usart_set_config
                0x00004d88      0x2dc src/ASF/sam0/drivers/sercom/usart/usart.o
 .text.usart_init
                0x00005064      0x274 src/ASF/sam0/drivers/sercom/usart/usart.o
                0x00005064                usart_init
 .text.usart_write_wait
                0x000052d8       0x64 src/ASF/sam0/drivers/sercom/usart/usart.o
                0x000052d8                usart_write_wait
 .text.usart_read_wait
                0x0000533c       0xec src/ASF/sam0/drivers/sercom/usart/usart.o
                0x0000533c                usart_read_wait
 .text.system_interrupt_enter_critical_section
                0x00005428       0x14 src/ASF/sam0/drivers/sercom/usart/usart_interrupt.o
 .text.system_interrupt_leave_critical_section
                0x0000543c       0x14 src/ASF/sam0/drivers/sercom/usart/usart_interrupt.o
 .text.usart_is_syncing
                0x00005450       0x20 src/ASF/sam0/drivers/sercom/usart/usart_interrupt.o
 .text._usart_wait_for_sync
                0x00005470       0x24 src/ASF/sam0/drivers/sercom/usart/usart_interrupt.o
 .text._usart_write_buffer
                0x00005494       0x5c src/ASF/sam0/drivers/sercom/usart/usart_interrupt.o
                0x00005494                _usart_write_buffer
 .text._usart_read_buffer
                0x000054f0       0x78 src/ASF/sam0/drivers/sercom/usart/usart_interrupt.o
                0x000054f0                _usart_read_buffer
 .text.usart_register_callback
                0x00005568       0x48 src/ASF/sam0/drivers/sercom/usart/usart_interrupt.o
                0x00005568                usart_register_callback
 .text.usart_write_buffer_job
                0x000055b0       0x48 src/ASF/sam0/drivers/sercom/usart/usart_interrupt.o
                0x000055b0                usart_write_buffer_job
 .text.usart_read_buffer_job
                0x000055f8       0x48 src/ASF/sam0/drivers/sercom/usart/usart_interrupt.o
                0x000055f8                usart_read_buffer_job
 .text.usart_get_job_status
                0x00005640       0x50 src/ASF/sam0/drivers/sercom/usart/usart_interrupt.o
                0x00005640                usart_get_job_status
 .text._usart_interrupt_handler
                0x00005690      0x340 src/ASF/sam0/drivers/sercom/usart/usart_interrupt.o
                0x00005690                _usart_interrupt_handler
 .text.system_gclk_gen_get_config_defaults
                0x000059d0       0x2e src/ASF/sam0/drivers/system/clock/clock_samd21_r21_da_ha1/clock.o
 .text.system_gclk_chan_get_config_defaults
                0x000059fe       0x16 src/ASF/sam0/drivers/system/clock/clock_samd21_r21_da_ha1/clock.o
 .text.system_clock_source_xosc32k_get_config_defaults
                0x00005a14       0x48 src/ASF/sam0/drivers/system/clock/clock_samd21_r21_da_ha1/clock.o
 .text.system_clock_source_osc8m_get_config_defaults
                0x00005a5c       0x22 src/ASF/sam0/drivers/system/clock/clock_samd21_r21_da_ha1/clock.o
 .text.system_clock_source_dfll_get_config_defaults
                0x00005a7e       0x52 src/ASF/sam0/drivers/system/clock/clock_samd21_r21_da_ha1/clock.o
 .text.system_cpu_clock_set_divider
                0x00005ad0       0x20 src/ASF/sam0/drivers/system/clock/clock_samd21_r21_da_ha1/clock.o
 .text.system_apb_clock_set_divider
                0x00005af0       0x54 src/ASF/sam0/drivers/system/clock/clock_samd21_r21_da_ha1/clock.o
 .text.system_flash_set_waitstates
                0x00005b44       0x34 src/ASF/sam0/drivers/system/clock/clock_samd21_r21_da_ha1/clock.o
 .text._system_dfll_wait_for_sync
                0x00005b78       0x1c src/ASF/sam0/drivers/system/clock/clock_samd21_r21_da_ha1/clock.o
 .text._system_clock_source_dfll_set_config_errata_9905
                0x00005b94       0x44 src/ASF/sam0/drivers/system/clock/clock_samd21_r21_da_ha1/clock.o
 .text.system_clock_source_get_hz
                0x00005bd8       0xc0 src/ASF/sam0/drivers/system/clock/clock_samd21_r21_da_ha1/clock.o
                0x00005bd8                system_clock_source_get_hz
 .text.system_clock_source_osc8m_set_config
                0x00005c98       0x78 src/ASF/sam0/drivers/system/clock/clock_samd21_r21_da_ha1/clock.o
                0x00005c98                system_clock_source_osc8m_set_config
 .text.system_clock_source_xosc32k_set_config
                0x00005d10      0x120 src/ASF/sam0/drivers/system/clock/clock_samd21_r21_da_ha1/clock.o
                0x00005d10                system_clock_source_xosc32k_set_config
 .text.system_clock_source_dfll_set_config
                0x00005e30       0xd0 src/ASF/sam0/drivers/system/clock/clock_samd21_r21_da_ha1/clock.o
                0x00005e30                system_clock_source_dfll_set_config
 .text.system_clock_source_enable
                0x00005f00       0xac src/ASF/sam0/drivers/system/clock/clock_samd21_r21_da_ha1/clock.o
                0x00005f00                system_clock_source_enable
 .text.system_clock_source_is_ready
                0x00005fac       0x84 src/ASF/sam0/drivers/system/clock/clock_samd21_r21_da_ha1/clock.o
                0x00005fac                system_clock_source_is_ready
 .text._switch_peripheral_gclk
                0x00006030       0x38 src/ASF/sam0/drivers/system/clock/clock_samd21_r21_da_ha1/clock.o
 .text.system_clock_init
                0x00006068      0x270 src/ASF/sam0/drivers/system/clock/clock_samd21_r21_da_ha1/clock.o
                0x00006068                system_clock_init
 .text.system_apb_clock_set_mask
                0x000062d8       0x5c src/ASF/sam0/drivers/system/clock/clock_samd21_r21_da_ha1/gclk.o
 .text.system_interrupt_enter_critical_section
                0x00006334       0x14 src/ASF/sam0/drivers/system/clock/clock_samd21_r21_da_ha1/gclk.o
 .text.system_interrupt_leave_critical_section
                0x00006348       0x14 src/ASF/sam0/drivers/system/clock/clock_samd21_r21_da_ha1/gclk.o
 .text.system_gclk_is_syncing
                0x0000635c       0x20 src/ASF/sam0/drivers/system/clock/clock_samd21_r21_da_ha1/gclk.o
 .text.system_gclk_init
                0x0000637c       0x30 src/ASF/sam0/drivers/system/clock/clock_samd21_r21_da_ha1/gclk.o
                0x0000637c                system_gclk_init
 .text.system_gclk_gen_set_config
                0x000063ac      0x124 src/ASF/sam0/drivers/system/clock/clock_samd21_r21_da_ha1/gclk.o
                0x000063ac                system_gclk_gen_set_config
 .text.system_gclk_gen_enable
                0x000064d0       0x5c src/ASF/sam0/drivers/system/clock/clock_samd21_r21_da_ha1/gclk.o
                0x000064d0                system_gclk_gen_enable
 .text.system_gclk_gen_get_hz
                0x0000652c       0xd8 src/ASF/sam0/drivers/system/clock/clock_samd21_r21_da_ha1/gclk.o
                0x0000652c                system_gclk_gen_get_hz
 .text.system_gclk_chan_set_config
                0x00006604       0x44 src/ASF/sam0/drivers/system/clock/clock_samd21_r21_da_ha1/gclk.o
                0x00006604                system_gclk_chan_set_config
 .text.system_gclk_chan_enable
                0x00006648       0x48 src/ASF/sam0/drivers/system/clock/clock_samd21_r21_da_ha1/gclk.o
                0x00006648                system_gclk_chan_enable
 .text.system_gclk_chan_disable
                0x00006690       0x98 src/ASF/sam0/drivers/system/clock/clock_samd21_r21_da_ha1/gclk.o
                0x00006690                system_gclk_chan_disable
 .text.system_gclk_chan_get_hz
                0x00006728       0x58 src/ASF/sam0/drivers/system/clock/clock_samd21_r21_da_ha1/gclk.o
                0x00006728                system_gclk_chan_get_hz
 .text.system_pinmux_get_group_from_gpio_pin
                0x00006780       0x60 src/ASF/sam0/drivers/system/pinmux/pinmux.o
 .text._system_pinmux_config
                0x000067e0      0x110 src/ASF/sam0/drivers/system/pinmux/pinmux.o
 .text.system_pinmux_pin_set_config
                0x000068f0       0x48 src/ASF/sam0/drivers/system/pinmux/pinmux.o
                0x000068f0                system_pinmux_pin_set_config
 .text._system_dummy_init
                0x00006938        0xa src/ASF/sam0/drivers/system/system.o
                0x00006938                _system_extint_init
                0x00006938                _system_events_init
                0x00006938                _system_dummy_init
                0x00006938                _system_divas_init
 *fill*         0x00006942        0x2 
 .text.system_init
                0x00006944       0x34 src/ASF/sam0/drivers/system/system.o
                0x00006944                system_init
 .text.Reset_Handler
                0x00006978       0xf8 src/ASF/sam0/utils/cmsis/samd21/source/gcc/startup_samd21.o
                0x00006978                Reset_Handler
 .text.Dummy_Handler
                0x00006a70        0x6 src/ASF/sam0/utils/cmsis/samd21/source/gcc/startup_samd21.o
                0x00006a70                DMAC_Handler
                0x00006a70                HardFault_Handler
                0x00006a70                AC_Handler
                0x00006a70                PendSV_Handler
                0x00006a70                NMI_Handler
                0x00006a70                ADC_Handler
                0x00006a70                TCC1_Handler
                0x00006a70                TCC0_Handler
                0x00006a70                RTC_Handler
                0x00006a70                EIC_Handler
                0x00006a70                WDT_Handler
                0x00006a70                TC4_Handler
                0x00006a70                USB_Handler
                0x00006a70                TC3_Handler
                0x00006a70                Dummy_Handler
                0x00006a70                PM_Handler
                0x00006a70                SVC_Handler
                0x00006a70                TCC2_Handler
                0x00006a70                EVSYS_Handler
                0x00006a70                I2S_Handler
                0x00006a70                NVMCTRL_Handler
                0x00006a70                DAC_Handler
                0x00006a70                PTC_Handler
                0x00006a70                TC5_Handler
                0x00006a70                SYSCTRL_Handler
 *fill*         0x00006a76        0x2 
 .text._read    0x00006a78       0x54 src/ASF/sam0/utils/stdio/read.o
                0x00006a78                _read
 .text._write   0x00006acc       0x6c src/ASF/sam0/utils/stdio/write.o
                0x00006acc                _write
 .text._sbrk    0x00006b38       0x3c src/ASF/sam0/utils/syscalls/gcc/syscalls.o
                0x00006b38                _sbrk
 .text._close   0x00006b74       0x14 src/ASF/sam0/utils/syscalls/gcc/syscalls.o
                0x00006b74                _close
 .text._fstat   0x00006b88       0x1c src/ASF/sam0/utils/syscalls/gcc/syscalls.o
                0x00006b88                _fstat
 .text._lseek   0x00006ba4       0x16 src/ASF/sam0/utils/syscalls/gcc/syscalls.o
                0x00006ba4                _lseek
 .text.rtc_calendar_get_time_defaults
                0x00006bba       0x3c src/ASF/thirdparty/fatfs/fatfs-port-r0.09/diskio.o
 *fill*         0x00006bf6        0x2 
 .text.rtc_calendar_get_config_defaults
                0x00006bf8       0xa4 src/ASF/thirdparty/fatfs/fatfs-port-r0.09/diskio.o
 .text.configure_rtc_calendar
                0x00006c9c       0x94 src/ASF/thirdparty/fatfs/fatfs-port-r0.09/diskio.o
 .text.disk_initialize
                0x00006d30       0x84 src/ASF/thirdparty/fatfs/fatfs-port-r0.09/diskio.o
                0x00006d30                disk_initialize
 .text.disk_status
                0x00006db4       0x38 src/ASF/thirdparty/fatfs/fatfs-port-r0.09/diskio.o
                0x00006db4                disk_status
 .text.disk_read
                0x00006dec       0xd8 src/ASF/thirdparty/fatfs/fatfs-port-r0.09/diskio.o
                0x00006dec                disk_read
 .text.disk_write
                0x00006ec4       0xd8 src/ASF/thirdparty/fatfs/fatfs-port-r0.09/diskio.o
                0x00006ec4                disk_write
 .text.disk_ioctl
                0x00006f9c       0xf8 src/ASF/thirdparty/fatfs/fatfs-port-r0.09/diskio.o
                0x00006f9c                disk_ioctl
 .text.get_fattime
                0x00007094       0x60 src/ASF/thirdparty/fatfs/fatfs-port-r0.09/sam0/fattime_rtc.o
                0x00007094                get_fattime
 .text.mem_cpy  0x000070f4       0x38 src/ASF/thirdparty/fatfs/fatfs-r0.09/src/ff.o
 .text.mem_set  0x0000712c       0x30 src/ASF/thirdparty/fatfs/fatfs-r0.09/src/ff.o
 .text.mem_cmp  0x0000715c       0x4a src/ASF/thirdparty/fatfs/fatfs-r0.09/src/ff.o
 .text.chk_chr  0x000071a6       0x32 src/ASF/thirdparty/fatfs/fatfs-r0.09/src/ff.o
 .text.move_window
                0x000071d8       0xc8 src/ASF/thirdparty/fatfs/fatfs-r0.09/src/ff.o
 .text.sync     0x000072a0      0x198 src/ASF/thirdparty/fatfs/fatfs-r0.09/src/ff.o
 .text.clust2sect
                0x00007438       0x38 src/ASF/thirdparty/fatfs/fatfs-r0.09/src/ff.o
 .text.get_fat  0x00007470      0x16c src/ASF/thirdparty/fatfs/fatfs-r0.09/src/ff.o
 .text.put_fat  0x000075dc      0x23c src/ASF/thirdparty/fatfs/fatfs-r0.09/src/ff.o
 .text.remove_chain
                0x00007818       0xc8 src/ASF/thirdparty/fatfs/fatfs-r0.09/src/ff.o
 .text.create_chain
                0x000078e0      0x13c src/ASF/thirdparty/fatfs/fatfs-r0.09/src/ff.o
 .text.dir_sdi  0x00007a1c      0x130 src/ASF/thirdparty/fatfs/fatfs-r0.09/src/ff.o
 .text.dir_next
                0x00007b4c      0x1f0 src/ASF/thirdparty/fatfs/fatfs-r0.09/src/ff.o
 .text.cmp_lfn  0x00007d3c      0x104 src/ASF/thirdparty/fatfs/fatfs-r0.09/src/ff.o
 .text.pick_lfn
                0x00007e40       0xe4 src/ASF/thirdparty/fatfs/fatfs-r0.09/src/ff.o
 .text.fit_lfn  0x00007f24      0x110 src/ASF/thirdparty/fatfs/fatfs-r0.09/src/ff.o
 .text.gen_numname
                0x00008034      0x100 src/ASF/thirdparty/fatfs/fatfs-r0.09/src/ff.o
 .text.sum_sfn  0x00008134       0x4e src/ASF/thirdparty/fatfs/fatfs-r0.09/src/ff.o
 *fill*         0x00008182        0x2 
 .text.dir_find
                0x00008184      0x1fc src/ASF/thirdparty/fatfs/fatfs-r0.09/src/ff.o
 .text.dir_read
                0x00008380      0x1c4 src/ASF/thirdparty/fatfs/fatfs-r0.09/src/ff.o
 .text.dir_register
                0x00008544      0x368 src/ASF/thirdparty/fatfs/fatfs-r0.09/src/ff.o
 .text.dir_remove
                0x000088ac       0xd8 src/ASF/thirdparty/fatfs/fatfs-r0.09/src/ff.o
 .text.create_name
                0x00008984      0x448 src/ASF/thirdparty/fatfs/fatfs-r0.09/src/ff.o
 .text.get_fileinfo
                0x00008dcc      0x244 src/ASF/thirdparty/fatfs/fatfs-r0.09/src/ff.o
 .text.follow_path
                0x00009010      0x138 src/ASF/thirdparty/fatfs/fatfs-r0.09/src/ff.o
 .text.check_fs
                0x00009148       0xd4 src/ASF/thirdparty/fatfs/fatfs-r0.09/src/ff.o
 .text.chk_mounted
                0x0000921c      0x5fc src/ASF/thirdparty/fatfs/fatfs-r0.09/src/ff.o
 .text.validate
                0x00009818       0x54 src/ASF/thirdparty/fatfs/fatfs-r0.09/src/ff.o
 .text.f_mount  0x0000986c       0x58 src/ASF/thirdparty/fatfs/fatfs-r0.09/src/ff.o
                0x0000986c                f_mount
 .text.f_open   0x000098c4      0x530 src/ASF/thirdparty/fatfs/fatfs-r0.09/src/ff.o
                0x000098c4                f_open
 .text.f_write  0x00009df4      0x350 src/ASF/thirdparty/fatfs/fatfs-r0.09/src/ff.o
                0x00009df4                f_write
 .text.f_sync   0x0000a144      0x180 src/ASF/thirdparty/fatfs/fatfs-r0.09/src/ff.o
                0x0000a144                f_sync
 .text.f_close  0x0000a2c4       0x3c src/ASF/thirdparty/fatfs/fatfs-r0.09/src/ff.o
                0x0000a2c4                f_close
 .text.f_opendir
                0x0000a300      0x11c src/ASF/thirdparty/fatfs/fatfs-r0.09/src/ff.o
                0x0000a300                f_opendir
 .text.f_readdir
                0x0000a41c       0xf0 src/ASF/thirdparty/fatfs/fatfs-r0.09/src/ff.o
                0x0000a41c                f_readdir
 .text.f_unlink
                0x0000a50c      0x260 src/ASF/thirdparty/fatfs/fatfs-r0.09/src/ff.o
                0x0000a50c                f_unlink
 .text.f_putc   0x0000a76c       0x48 src/ASF/thirdparty/fatfs/fatfs-r0.09/src/ff.o
                0x0000a76c                f_putc
 .text.f_puts   0x0000a7b4       0x4c src/ASF/thirdparty/fatfs/fatfs-r0.09/src/ff.o
                0x0000a7b4                f_puts
 .text.ff_convert
                0x0000a800       0xac src/ASF/thirdparty/fatfs/fatfs-r0.09/src/option/ccsbcs.o
                0x0000a800                ff_convert
 .text.ff_wtoupper
                0x0000a8ac       0x60 src/ASF/thirdparty/fatfs/fatfs-r0.09/src/option/ccsbcs.o
                0x0000a8ac                ff_wtoupper
 .text.NVIC_SystemReset
                0x0000a90c       0x1c src/BootMain.o
 .text.system_apb_clock_set_mask
                0x0000a928       0x5c src/BootMain.o
 .text.nvm_get_config_defaults
                0x0000a984       0x3c src/BootMain.o
 .text.system_reset
                0x0000a9c0       0x14 src/BootMain.o
 .text.system_interrupt_enable_global
                0x0000a9d4       0x1c src/BootMain.o
 .text.dsu_crc32_init
                0x0000a9f0       0x18 src/BootMain.o
 .text.main     0x0000aa08      0x138 src/BootMain.o
                0x0000aa08                main
 .text.StartFilesystemAndTest
                0x0000ab40      0x2a8 src/BootMain.o
 .text.jumpToApplication
                0x0000ade8       0x38 src/BootMain.o
 .text.configure_nvm
                0x0000ae20       0x2c src/BootMain.o
 .text.check_fw_update
                0x0000ae4c      0x178 src/BootMain.o
                0x0000ae4c                check_fw_update
 .text          0x0000afc4      0x114 k:/atmel/studio/7.0/toolchain/arm/arm-gnu-toolchain/bin/../lib/gcc/arm-none-eabi/6.3.1/thumb/v6-m\libgcc.a(_udivsi3.o)
                0x0000afc4                __aeabi_uidiv
                0x0000afc4                __udivsi3
                0x0000b0d0                __aeabi_uidivmod
 .text          0x0000b0d8      0x1d4 k:/atmel/studio/7.0/toolchain/arm/arm-gnu-toolchain/bin/../lib/gcc/arm-none-eabi/6.3.1/thumb/v6-m\libgcc.a(_divsi3.o)
                0x0000b0d8                __divsi3
                0x0000b0d8                __aeabi_idiv
                0x0000b2a4                __aeabi_idivmod
 .text          0x0000b2ac        0x4 k:/atmel/studio/7.0/toolchain/arm/arm-gnu-toolchain/bin/../lib/gcc/arm-none-eabi/6.3.1/thumb/v6-m\libgcc.a(_dvmd_tls.o)
                0x0000b2ac                __aeabi_idiv0
                0x0000b2ac                __aeabi_ldiv0
 .text          0x0000b2b0       0x54 k:/atmel/studio/7.0/toolchain/arm/arm-gnu-toolchain/bin/../lib/gcc/arm-none-eabi/6.3.1/thumb/v6-m\libgcc.a(_muldi3.o)
                0x0000b2b0                __muldi3
                0x0000b2b0                __aeabi_lmul
 .text.__libc_init_array
                0x0000b304       0x48 k:/atmel/studio/7.0/toolchain/arm/arm-gnu-toolchain/bin/../lib/gcc/arm-none-eabi/6.3.1/../../../../arm-none-eabi/lib/thumb/v6-m\libc_nano.a(lib_a-init.o)
                0x0000b304                __libc_init_array
 .text.malloc   0x0000b34c       0x14 k:/atmel/studio/7.0/toolchain/arm/arm-gnu-toolchain/bin/../lib/gcc/arm-none-eabi/6.3.1/../../../../arm-none-eabi/lib/thumb/v6-m\libc_nano.a(lib_a-malloc.o)
                0x0000b34c                malloc
 .text.memcpy   0x0000b360       0x12 k:/atmel/studio/7.0/toolchain/arm/arm-gnu-toolchain/bin/../lib/gcc/arm-none-eabi/6.3.1/../../../../arm-none-eabi/lib/thumb/v6-m\libc_nano.a(lib_a-memcpy-stub.o)
                0x0000b360                memcpy
 .text.memset   0x0000b372       0x10 k:/atmel/studio/7.0/toolchain/arm/arm-gnu-toolchain/bin/../lib/gcc/arm-none-eabi/6.3.1/../../../../arm-none-eabi/lib/thumb/v6-m\libc_nano.a(lib_a-memset.o)
                0x0000b372                memset
 *fill*         0x0000b382        0x2 
 .text._free_r  0x0000b384       0x94 k:/atmel/studio/7.0/toolchain/arm/arm-gnu-toolchain/bin/../lib/gcc/arm-none-eabi/6.3.1/../../../../arm-none-eabi/lib/thumb/v6-m\libc_nano.a(lib_a-nano-freer.o)
                0x0000b384                _free_r
 .text._malloc_r
                0x0000b418       0xbc k:/atmel/studio/7.0/toolchain/arm/arm-gnu-toolchain/bin/../lib/gcc/arm-none-eabi/6.3.1/../../../../arm-none-eabi/lib/thumb/v6-m\libc_nano.a(lib_a-nano-mallocr.o)
                0x0000b418                _malloc_r
 .text._sbrk_r  0x0000b4d4       0x24 k:/atmel/studio/7.0/toolchain/arm/arm-gnu-toolchain/bin/../lib/gcc/arm-none-eabi/6.3.1/../../../../arm-none-eabi/lib/thumb/v6-m\libc_nano.a(lib_a-sbrkr.o)
                0x0000b4d4                _sbrk_r
 .text.setbuf   0x0000b4f8       0x12 k:/atmel/studio/7.0/toolchain/arm/arm-gnu-toolchain/bin/../lib/gcc/arm-none-eabi/6.3.1/../../../../arm-none-eabi/lib/thumb/v6-m\libc_nano.a(lib_a-setbuf.o)
                0x0000b4f8                setbuf
 *fill*         0x0000b50a        0x2 
 .text.setvbuf  0x0000b50c      0x158 k:/atmel/studio/7.0/toolchain/arm/arm-gnu-toolchain/bin/../lib/gcc/arm-none-eabi/6.3.1/../../../../arm-none-eabi/lib/thumb/v6-m\libc_nano.a(lib_a-setvbuf.o)
                0x0000b50c                setvbuf
 .text.snprintf
                0x0000b664       0x64 k:/atmel/studio/7.0/toolchain/arm/arm-gnu-toolchain/bin/../lib/gcc/arm-none-eabi/6.3.1/../../../../arm-none-eabi/lib/thumb/v6-m\libc_nano.a(lib_a-snprintf.o)
                0x0000b664                sniprintf
                0x0000b664                snprintf
 .text          0x0000b6c8       0x14 k:/atmel/studio/7.0/toolchain/arm/arm-gnu-toolchain/bin/../lib/gcc/arm-none-eabi/6.3.1/../../../../arm-none-eabi/lib/thumb/v6-m\libc_nano.a(lib_a-strcmp.o)
                0x0000b6c8                strcmp
 .text          0x0000b6dc        0xe k:/atmel/studio/7.0/toolchain/arm/arm-gnu-toolchain/bin/../lib/gcc/arm-none-eabi/6.3.1/../../../../arm-none-eabi/lib/thumb/v6-m\libc_nano.a(lib_a-strlen.o)
                0x0000b6dc                strlen
 *fill*         0x0000b6ea        0x2 
 .text.__sflush_r
                0x0000b6ec      0x114 k:/atmel/studio/7.0/toolchain/arm/arm-gnu-toolchain/bin/../lib/gcc/arm-none-eabi/6.3.1/../../../../arm-none-eabi/lib/thumb/v6-m\libc_nano.a(lib_a-fflush.o)
                0x0000b6ec                __sflush_r
 .text._fflush_r
                0x0000b800       0x58 k:/atmel/studio/7.0/toolchain/arm/arm-gnu-toolchain/bin/../lib/gcc/arm-none-eabi/6.3.1/../../../../arm-none-eabi/lib/thumb/v6-m\libc_nano.a(lib_a-fflush.o)
                0x0000b800                _fflush_r
 .text._cleanup_r
                0x0000b858       0x10 k:/atmel/studio/7.0/toolchain/arm/arm-gnu-toolchain/bin/../lib/gcc/arm-none-eabi/6.3.1/../../../../arm-none-eabi/lib/thumb/v6-m\libc_nano.a(lib_a-findfp.o)
                0x0000b858                _cleanup_r
 .text.std.isra.0
                0x0000b868       0x48 k:/atmel/studio/7.0/toolchain/arm/arm-gnu-toolchain/bin/../lib/gcc/arm-none-eabi/6.3.1/../../../../arm-none-eabi/lib/thumb/v6-m\libc_nano.a(lib_a-findfp.o)
 .text.__sfmoreglue
                0x0000b8b0       0x2c k:/atmel/studio/7.0/toolchain/arm/arm-gnu-toolchain/bin/../lib/gcc/arm-none-eabi/6.3.1/../../../../arm-none-eabi/lib/thumb/v6-m\libc_nano.a(lib_a-findfp.o)
                0x0000b8b0                __sfmoreglue
 .text.__sinit  0x0000b8dc       0x68 k:/atmel/studio/7.0/toolchain/arm/arm-gnu-toolchain/bin/../lib/gcc/arm-none-eabi/6.3.1/../../../../arm-none-eabi/lib/thumb/v6-m\libc_nano.a(lib_a-findfp.o)
                0x0000b8dc                __sinit
 .text.__sfp    0x0000b944       0x80 k:/atmel/studio/7.0/toolchain/arm/arm-gnu-toolchain/bin/../lib/gcc/arm-none-eabi/6.3.1/../../../../arm-none-eabi/lib/thumb/v6-m\libc_nano.a(lib_a-findfp.o)
                0x0000b944                __sfp
 .text._fwalk_reent
                0x0000b9c4       0x42 k:/atmel/studio/7.0/toolchain/arm/arm-gnu-toolchain/bin/../lib/gcc/arm-none-eabi/6.3.1/../../../../arm-none-eabi/lib/thumb/v6-m\libc_nano.a(lib_a-fwalk.o)
                0x0000b9c4                _fwalk_reent
 *fill*         0x0000ba06        0x2 
 .text.__swhatbuf_r
                0x0000ba08       0x50 k:/atmel/studio/7.0/toolchain/arm/arm-gnu-toolchain/bin/../lib/gcc/arm-none-eabi/6.3.1/../../../../arm-none-eabi/lib/thumb/v6-m\libc_nano.a(lib_a-makebuf.o)
                0x0000ba08                __swhatbuf_r
 .text.__malloc_lock
                0x0000ba58        0x2 k:/atmel/studio/7.0/toolchain/arm/arm-gnu-toolchain/bin/../lib/gcc/arm-none-eabi/6.3.1/../../../../arm-none-eabi/lib/thumb/v6-m\libc_nano.a(lib_a-mlock.o)
                0x0000ba58                __malloc_lock
 .text.__malloc_unlock
                0x0000ba5a        0x2 k:/atmel/studio/7.0/toolchain/arm/arm-gnu-toolchain/bin/../lib/gcc/arm-none-eabi/6.3.1/../../../../arm-none-eabi/lib/thumb/v6-m\libc_nano.a(lib_a-mlock.o)
                0x0000ba5a                __malloc_unlock
 .text.__ssputs_r
                0x0000ba5c       0xc4 k:/atmel/studio/7.0/toolchain/arm/arm-gnu-toolchain/bin/../lib/gcc/arm-none-eabi/6.3.1/../../../../arm-none-eabi/lib/thumb/v6-m\libc_nano.a(lib_a-nano-svfprintf.o)
                0x0000ba5c                __ssputs_r
 .text._svfprintf_r
                0x0000bb20      0x208 k:/atmel/studio/7.0/toolchain/arm/arm-gnu-toolchain/bin/../lib/gcc/arm-none-eabi/6.3.1/../../../../arm-none-eabi/lib/thumb/v6-m\libc_nano.a(lib_a-nano-svfprintf.o)
                0x0000bb20                _svfiprintf_r
                0x0000bb20                _svfprintf_r
 .text._printf_common
                0x0000bd28       0xda k:/atmel/studio/7.0/toolchain/arm/arm-gnu-toolchain/bin/../lib/gcc/arm-none-eabi/6.3.1/../../../../arm-none-eabi/lib/thumb/v6-m\libc_nano.a(lib_a-nano-vfprintf_i.o)
                0x0000bd28                _printf_common
 *fill*         0x0000be02        0x2 
 .text._printf_i
                0x0000be04      0x234 k:/atmel/studio/7.0/toolchain/arm/arm-gnu-toolchain/bin/../lib/gcc/arm-none-eabi/6.3.1/../../../../arm-none-eabi/lib/thumb/v6-m\libc_nano.a(lib_a-nano-vfprintf_i.o)
                0x0000be04                _printf_i
 .text.__sread  0x0000c038       0x28 k:/atmel/studio/7.0/toolchain/arm/arm-gnu-toolchain/bin/../lib/gcc/arm-none-eabi/6.3.1/../../../../arm-none-eabi/lib/thumb/v6-m\libc_nano.a(lib_a-stdio.o)
                0x0000c038                __sread
 .text.__swrite
                0x0000c060       0x38 k:/atmel/studio/7.0/toolchain/arm/arm-gnu-toolchain/bin/../lib/gcc/arm-none-eabi/6.3.1/../../../../arm-none-eabi/lib/thumb/v6-m\libc_nano.a(lib_a-stdio.o)
                0x0000c060                __swrite
 .text.__sseek  0x0000c098       0x2c k:/atmel/studio/7.0/toolchain/arm/arm-gnu-toolchain/bin/../lib/gcc/arm-none-eabi/6.3.1/../../../../arm-none-eabi/lib/thumb/v6-m\libc_nano.a(lib_a-stdio.o)
                0x0000c098                __sseek
 .text.__sclose
                0x0000c0c4        0xc k:/atmel/studio/7.0/toolchain/arm/arm-gnu-toolchain/bin/../lib/gcc/arm-none-eabi/6.3.1/../../../../arm-none-eabi/lib/thumb/v6-m\libc_nano.a(lib_a-stdio.o)
                0x0000c0c4                __sclose
 .text._write_r
                0x0000c0d0       0x28 k:/atmel/studio/7.0/toolchain/arm/arm-gnu-toolchain/bin/../lib/gcc/arm-none-eabi/6.3.1/../../../../arm-none-eabi/lib/thumb/v6-m\libc_nano.a(lib_a-writer.o)
                0x0000c0d0                _write_r
 .text._close_r
                0x0000c0f8       0x24 k:/atmel/studio/7.0/toolchain/arm/arm-gnu-toolchain/bin/../lib/gcc/arm-none-eabi/6.3.1/../../../../arm-none-eabi/lib/thumb/v6-m\libc_nano.a(lib_a-closer.o)
                0x0000c0f8                _close_r
 .text._fstat_r
                0x0000c11c       0x24 k:/atmel/studio/7.0/toolchain/arm/arm-gnu-toolchain/bin/../lib/gcc/arm-none-eabi/6.3.1/../../../../arm-none-eabi/lib/thumb/v6-m\libc_nano.a(lib_a-fstatr.o)
                0x0000c11c                _fstat_r
 .text._lseek_r
                0x0000c140       0x28 k:/atmel/studio/7.0/toolchain/arm/arm-gnu-toolchain/bin/../lib/gcc/arm-none-eabi/6.3.1/../../../../arm-none-eabi/lib/thumb/v6-m\libc_nano.a(lib_a-lseekr.o)
                0x0000c140                _lseek_r
 .text.memchr   0x0000c168       0x16 k:/atmel/studio/7.0/toolchain/arm/arm-gnu-toolchain/bin/../lib/gcc/arm-none-eabi/6.3.1/../../../../arm-none-eabi/lib/thumb/v6-m\libc_nano.a(lib_a-memchr-stub.o)
                0x0000c168                memchr
 .text.memmove  0x0000c17e       0x24 k:/atmel/studio/7.0/toolchain/arm/arm-gnu-toolchain/bin/../lib/gcc/arm-none-eabi/6.3.1/../../../../arm-none-eabi/lib/thumb/v6-m\libc_nano.a(lib_a-memmove.o)
                0x0000c17e                memmove
 .text._realloc_r
                0x0000c1a2       0x4c k:/atmel/studio/7.0/toolchain/arm/arm-gnu-toolchain/bin/../lib/gcc/arm-none-eabi/6.3.1/../../../../arm-none-eabi/lib/thumb/v6-m\libc_nano.a(lib_a-nano-reallocr.o)
                0x0000c1a2                _realloc_r
 *fill*         0x0000c1ee        0x2 
 .text._read_r  0x0000c1f0       0x28 k:/atmel/studio/7.0/toolchain/arm/arm-gnu-toolchain/bin/../lib/gcc/arm-none-eabi/6.3.1/../../../../arm-none-eabi/lib/thumb/v6-m\libc_nano.a(lib_a-readr.o)
                0x0000c1f0                _read_r
 .text._malloc_usable_size_r
                0x0000c218       0x10 k:/atmel/studio/7.0/toolchain/arm/arm-gnu-toolchain/bin/../lib/gcc/arm-none-eabi/6.3.1/../../../../arm-none-eabi/lib/thumb/v6-m\libc_nano.a(lib_a-nano-msizer.o)
                0x0000c218                _malloc_usable_size_r
 *(.glue_7t)
 .glue_7t       0x0000c228        0x0 linker stubs
 *(.glue_7)
 .glue_7        0x0000c228        0x0 linker stubs
 *(.rodata .rodata* .gnu.linkonce.r.*)
 .rodata.sd_mmc_trans_units
                0x0000c228       0x1c src/ASF/common2/components/memory/sd_mmc/sd_mmc.o
                0x0000c228                sd_mmc_trans_units
 .rodata.sd_trans_multipliers
                0x0000c244       0x40 src/ASF/common2/components/memory/sd_mmc/sd_mmc.o
                0x0000c244                sd_trans_multipliers
 .rodata.mmc_trans_multipliers
                0x0000c284       0x40 src/ASF/common2/components/memory/sd_mmc/sd_mmc.o
                0x0000c284                mmc_trans_multipliers
 .rodata        0x0000c2c4       0x15 src/ASF/common/services/storage/ctrl_access/ctrl_access.o
 *fill*         0x0000c2d9        0x3 
 .rodata.lun_desc
                0x0000c2dc       0x20 src/ASF/common/services/storage/ctrl_access/ctrl_access.o
 .rodata        0x0000c2fc       0x18 src/ASF/sam0/drivers/sercom/sercom.o
 .rodata        0x0000c314        0x6 src/ASF/sam0/drivers/sercom/sercom_interrupt.o
 *fill*         0x0000c31a        0x2 
 .rodata.system_clock_source_get_hz
                0x0000c31c       0x24 src/ASF/sam0/drivers/system/clock/clock_samd21_r21_da_ha1/clock.o
 .rodata.system_clock_source_enable
                0x0000c340       0x24 src/ASF/sam0/drivers/system/clock/clock_samd21_r21_da_ha1/clock.o
 .rodata.system_clock_source_is_ready
                0x0000c364       0x24 src/ASF/sam0/drivers/system/clock/clock_samd21_r21_da_ha1/clock.o
 .rodata.LfnOfs
                0x0000c388        0xd src/ASF/thirdparty/fatfs/fatfs-r0.09/src/ff.o
 *fill*         0x0000c395        0x3 
 .rodata        0x0000c398       0x48 src/ASF/thirdparty/fatfs/fatfs-r0.09/src/ff.o
 .rodata.excvt.4558
                0x0000c3e0       0x80 src/ASF/thirdparty/fatfs/fatfs-r0.09/src/ff.o
 .rodata.Tbl    0x0000c460      0x100 src/ASF/thirdparty/fatfs/fatfs-r0.09/src/option/ccsbcs.o
 .rodata.tbl_lower.4308
                0x0000c560      0x1e0 src/ASF/thirdparty/fatfs/fatfs-r0.09/src/option/ccsbcs.o
 .rodata.tbl_upper.4309
                0x0000c740      0x1e0 src/ASF/thirdparty/fatfs/fatfs-r0.09/src/option/ccsbcs.o
 .rodata        0x0000c920      0x3fe src/BootMain.o
 *fill*         0x0000cd1e        0x2 
 .rodata._global_impure_ptr
                0x0000cd20        0x4 k:/atmel/studio/7.0/toolchain/arm/arm-gnu-toolchain/bin/../lib/gcc/arm-none-eabi/6.3.1/../../../../arm-none-eabi/lib/thumb/v6-m\libc_nano.a(lib_a-impure.o)
                0x0000cd20                _global_impure_ptr
 .rodata.__sf_fake_stderr
                0x0000cd24       0x20 k:/atmel/studio/7.0/toolchain/arm/arm-gnu-toolchain/bin/../lib/gcc/arm-none-eabi/6.3.1/../../../../arm-none-eabi/lib/thumb/v6-m\libc_nano.a(lib_a-findfp.o)
                0x0000cd24                __sf_fake_stderr
 .rodata.__sf_fake_stdin
                0x0000cd44       0x20 k:/atmel/studio/7.0/toolchain/arm/arm-gnu-toolchain/bin/../lib/gcc/arm-none-eabi/6.3.1/../../../../arm-none-eabi/lib/thumb/v6-m\libc_nano.a(lib_a-findfp.o)
                0x0000cd44                __sf_fake_stdin
 .rodata.__sf_fake_stdout
                0x0000cd64       0x20 k:/atmel/studio/7.0/toolchain/arm/arm-gnu-toolchain/bin/../lib/gcc/arm-none-eabi/6.3.1/../../../../arm-none-eabi/lib/thumb/v6-m\libc_nano.a(lib_a-findfp.o)
                0x0000cd64                __sf_fake_stdout
 .rodata._svfprintf_r.str1.1
                0x0000cd84       0x11 k:/atmel/studio/7.0/toolchain/arm/arm-gnu-toolchain/bin/../lib/gcc/arm-none-eabi/6.3.1/../../../../arm-none-eabi/lib/thumb/v6-m\libc_nano.a(lib_a-nano-svfprintf.o)
 .rodata._printf_i.str1.1
                0x0000cd95       0x22 k:/atmel/studio/7.0/toolchain/arm/arm-gnu-toolchain/bin/../lib/gcc/arm-none-eabi/6.3.1/../../../../arm-none-eabi/lib/thumb/v6-m\libc_nano.a(lib_a-nano-vfprintf_i.o)
 *(.ARM.extab* .gnu.linkonce.armextab.*)
                0x0000cdb8                . = ALIGN (0x4)
 *fill*         0x0000cdb7        0x1 
 *(.init)
 .init          0x0000cdb8        0x4 k:/atmel/studio/7.0/toolchain/arm/arm-gnu-toolchain/bin/../lib/gcc/arm-none-eabi/6.3.1/thumb/v6-m/crti.o
                0x0000cdb8                _init
 .init          0x0000cdbc        0x8 k:/atmel/studio/7.0/toolchain/arm/arm-gnu-toolchain/bin/../lib/gcc/arm-none-eabi/6.3.1/thumb/v6-m/crtn.o
                0x0000cdc4                . = ALIGN (0x4)
                0x0000cdc4                __preinit_array_start = .
 *(.preinit_array)
                0x0000cdc4                __preinit_array_end = .
                0x0000cdc4                . = ALIGN (0x4)
                0x0000cdc4                __init_array_start = .
 *(SORT(.init_array.*))
 *(.init_array)
 .init_array    0x0000cdc4        0x4 k:/atmel/studio/7.0/toolchain/arm/arm-gnu-toolchain/bin/../lib/gcc/arm-none-eabi/6.3.1/thumb/v6-m/crtbegin.o
                0x0000cdc8                __init_array_end = .
                0x0000cdc8                . = ALIGN (0x4)
 *crtbegin.o(.ctors)
 *(EXCLUDE_FILE(*crtend.o) .ctors)
 *(SORT(.ctors.*))
 *crtend.o(.ctors)
                0x0000cdc8                . = ALIGN (0x4)
 *(.fini)
 .fini          0x0000cdc8        0x4 k:/atmel/studio/7.0/toolchain/arm/arm-gnu-toolchain/bin/../lib/gcc/arm-none-eabi/6.3.1/thumb/v6-m/crti.o
                0x0000cdc8                _fini
 .fini          0x0000cdcc        0x8 k:/atmel/studio/7.0/toolchain/arm/arm-gnu-toolchain/bin/../lib/gcc/arm-none-eabi/6.3.1/thumb/v6-m/crtn.o
                0x0000cdd4                . = ALIGN (0x4)
                0x0000cdd4                __fini_array_start = .
 *(.fini_array)
 .fini_array    0x0000cdd4        0x4 k:/atmel/studio/7.0/toolchain/arm/arm-gnu-toolchain/bin/../lib/gcc/arm-none-eabi/6.3.1/thumb/v6-m/crtbegin.o
 *(SORT(.fini_array.*))
                0x0000cdd8                __fini_array_end = .
 *crtbegin.o(.dtors)
 *(EXCLUDE_FILE(*crtend.o) .dtors)
 *(SORT(.dtors.*))
 *crtend.o(.dtors)
                0x0000cdd8                . = ALIGN (0x4)
                0x0000cdd8                _efixed = .
                [!provide]                PROVIDE (__exidx_start, .)

.vfp11_veneer   0x0000cdd8        0x0
 .vfp11_veneer  0x0000cdd8        0x0 linker stubs

.v4_bx          0x0000cdd8        0x0
 .v4_bx         0x0000cdd8        0x0 linker stubs

.iplt           0x0000cdd8        0x0
 .iplt          0x0000cdd8        0x0 k:/atmel/studio/7.0/toolchain/arm/arm-gnu-toolchain/bin/../lib/gcc/arm-none-eabi/6.3.1/thumb/v6-m/crtbegin.o

.eh_frame       0x0000cdd8        0x0
 .eh_frame      0x0000cdd8        0x0 k:/atmel/studio/7.0/toolchain/arm/arm-gnu-toolchain/bin/../lib/gcc/arm-none-eabi/6.3.1/thumb/v6-m/crtbegin.o

.rel.dyn        0x0000cdd8        0x0
 .rel.iplt      0x0000cdd8        0x0 k:/atmel/studio/7.0/toolchain/arm/arm-gnu-toolchain/bin/../lib/gcc/arm-none-eabi/6.3.1/thumb/v6-m/crtbegin.o

.jcr            0x0000cdd8        0x0
 .jcr           0x0000cdd8        0x0 k:/atmel/studio/7.0/toolchain/arm/arm-gnu-toolchain/bin/../lib/gcc/arm-none-eabi/6.3.1/thumb/v6-m/crtbegin.o

.igot.plt       0x0000cdd8        0x0
 .igot.plt      0x0000cdd8        0x0 k:/atmel/studio/7.0/toolchain/arm/arm-gnu-toolchain/bin/../lib/gcc/arm-none-eabi/6.3.1/thumb/v6-m/crtbegin.o

.ARM.exidx
 *(.ARM.exidx* .gnu.linkonce.armexidx.*)
                [!provide]                PROVIDE (__exidx_end, .)
                0x0000cdd8                . = ALIGN (0x4)
                0x0000cdd8                _etext = .

.relocate       0x20000000       0x94 load address 0x0000cdd8
                0x20000000                . = ALIGN (0x4)
                0x20000000                _srelocate = .
 *(.ramfunc .ramfunc.*)
 *(.data .data.*)
 .data.cycles_per_ms
                0x20000000        0x4 src/ASF/common2/services/delay/sam0/systick_counter.o
 .data.cycles_per_us
                0x20000004        0x4 src/ASF/common2/services/delay/sam0/systick_counter.o
 .data.ss_pins  0x20000008        0x1 src/ASF/common2/components/memory/sd_mmc/sd_mmc_spi.o
                0x20000008                ss_pins
 .data.g_interrupt_enabled
                0x20000009        0x1 src/ASF/common/utils/interrupt/interrupt_sam_nvic.o
                0x20000009                g_interrupt_enabled
 *fill*         0x2000000a        0x2 
 .data.test_file_name
                0x2000000c       0x12 src/BootMain.o
                0x2000000c                test_file_name
 *fill*         0x2000001e        0x2 
 .data.test_bin_file
                0x20000020       0x10 src/BootMain.o
                0x20000020                test_bin_file
 .data._impure_ptr
                0x20000030        0x4 k:/atmel/studio/7.0/toolchain/arm/arm-gnu-toolchain/bin/../lib/gcc/arm-none-eabi/6.3.1/../../../../arm-none-eabi/lib/thumb/v6-m\libc_nano.a(lib_a-impure.o)
                0x20000030                _impure_ptr
 .data.impure_data
                0x20000034       0x60 k:/atmel/studio/7.0/toolchain/arm/arm-gnu-toolchain/bin/../lib/gcc/arm-none-eabi/6.3.1/../../../../arm-none-eabi/lib/thumb/v6-m\libc_nano.a(lib_a-impure.o)
                0x20000094                . = ALIGN (0x4)
                0x20000094                _erelocate = .

.bss            0x20000094      0xc44 load address 0x0000ce6c
                0x20000094                . = ALIGN (0x4)
                0x20000094                _sbss = .
                0x20000094                _szero = .
 *(.bss .bss.*)
 .bss           0x20000094       0x1c k:/atmel/studio/7.0/toolchain/arm/arm-gnu-toolchain/bin/../lib/gcc/arm-none-eabi/6.3.1/thumb/v6-m/crtbegin.o
 .bss.ul_tickcount
                0x200000b0        0x4 src/Systick/Systick.o
 .bss._nvm_dev  0x200000b4        0x6 src/ASF/sam0/drivers/nvm/nvm.o
 *fill*         0x200000ba        0x2 
 .bss.sd_mmc_cards
                0x200000bc       0x20 src/ASF/common2/components/memory/sd_mmc/sd_mmc.o
 .bss.sd_mmc_slot_sel
                0x200000dc        0x1 src/ASF/common2/components/memory/sd_mmc/sd_mmc.o
 *fill*         0x200000dd        0x3 
 .bss.sd_mmc_card
                0x200000e0        0x4 src/ASF/common2/components/memory/sd_mmc/sd_mmc.o
 .bss.sd_mmc_nb_block_to_tranfer
                0x200000e4        0x2 src/ASF/common2/components/memory/sd_mmc/sd_mmc.o
 .bss.sd_mmc_nb_block_remaining
                0x200000e6        0x2 src/ASF/common2/components/memory/sd_mmc/sd_mmc.o
 .bss.sd_mmc_ejected
                0x200000e8        0x2 src/ASF/common2/components/memory/sd_mmc/sd_mmc_mem.o
 *fill*         0x200000ea        0x2 
 .bss.sd_mmc_master
                0x200000ec       0x3c src/ASF/common2/components/memory/sd_mmc/sd_mmc_spi.o
 .bss.sd_mmc_spi_devices
                0x20000128        0x3 src/ASF/common2/components/memory/sd_mmc/sd_mmc_spi.o
 *fill*         0x2000012b        0x1 
 .bss.slave_configs
                0x2000012c        0x3 src/ASF/common2/components/memory/sd_mmc/sd_mmc_spi.o
 .bss.sd_mmc_spi_err
                0x2000012f        0x1 src/ASF/common2/components/memory/sd_mmc/sd_mmc_spi.o
 .bss.sd_mmc_spi_response_32
                0x20000130        0x4 src/ASF/common2/components/memory/sd_mmc/sd_mmc_spi.o
 .bss.sd_mmc_spi_transfert_pos
                0x20000134        0x4 src/ASF/common2/components/memory/sd_mmc/sd_mmc_spi.o
 .bss.sd_mmc_spi_block_size
                0x20000138        0x2 src/ASF/common2/components/memory/sd_mmc/sd_mmc_spi.o
 .bss.sd_mmc_spi_nb_block
                0x2000013a        0x2 src/ASF/common2/components/memory/sd_mmc/sd_mmc_spi.o
 .bss.cpu_irq_critical_section_counter
                0x2000013c        0x4 src/ASF/common/utils/interrupt/interrupt_sam_nvic.o
 .bss.cpu_irq_prev_interrupt_state
                0x20000140        0x1 src/ASF/common/utils/interrupt/interrupt_sam_nvic.o
 *fill*         0x20000141        0x3 
 .bss._sercom_config
                0x20000144        0x2 src/ASF/sam0/drivers/sercom/sercom.o
 .bss._handler_table_initialized
                0x20000146        0x1 src/ASF/sam0/drivers/sercom/sercom_interrupt.o
 *fill*         0x20000147        0x1 
 .bss._sercom_interrupt_handlers
                0x20000148       0x18 src/ASF/sam0/drivers/sercom/sercom_interrupt.o
 .bss._system_clock_inst
                0x20000160       0x18 src/ASF/sam0/drivers/system/clock/clock_samd21_r21_da_ha1/clock.o
 .bss.heap.5296
                0x20000178        0x4 src/ASF/sam0/utils/syscalls/gcc/syscalls.o
 .bss.FatFs     0x2000017c        0x4 src/ASF/thirdparty/fatfs/fatfs-r0.09/src/ff.o
 .bss.Fsid      0x20000180        0x2 src/ASF/thirdparty/fatfs/fatfs-r0.09/src/ff.o
 *fill*         0x20000182        0x2 
 .bss.__malloc_free_list
                0x20000184        0x4 k:/atmel/studio/7.0/toolchain/arm/arm-gnu-toolchain/bin/../lib/gcc/arm-none-eabi/6.3.1/../../../../arm-none-eabi/lib/thumb/v6-m\libc_nano.a(lib_a-nano-mallocr.o)
                0x20000184                __malloc_free_list
 .bss.__malloc_sbrk_start
                0x20000188        0x4 k:/atmel/studio/7.0/toolchain/arm/arm-gnu-toolchain/bin/../lib/gcc/arm-none-eabi/6.3.1/../../../../arm-none-eabi/lib/thumb/v6-m\libc_nano.a(lib_a-nano-mallocr.o)
                0x20000188                __malloc_sbrk_start
 *(COMMON)
 COMMON         0x2000018c      0x844 src/SerialConsole/SerialConsole.o
                0x2000018c                usart_instance
                0x200001c0                cbufRx
                0x200001c4                latestRx
                0x200001c8                txCharacterBuffer
                0x200005c8                rxCharacterBuffer
                0x200009c8                latestTx
                0x200009cc                cbufTx
 COMMON         0x200009d0        0x4 src/ASF/sam0/drivers/rtc/rtc_sam_d_r_h/rtc_calendar.o
                0x200009d0                _rtc_instance
 COMMON         0x200009d4       0x18 src/ASF/sam0/drivers/sercom/sercom_interrupt.o
                0x200009d4                _sercom_instances
 COMMON         0x200009ec        0x2 src/ASF/sam0/drivers/sercom/spi/spi_interrupt.o
                0x200009ec                dummy_write
 *fill*         0x200009ee        0x2 
 COMMON         0x200009f0        0x4 src/ASF/sam0/utils/stdio/read.o
                0x200009f0                ptr_get
 COMMON         0x200009f4        0x8 src/ASF/sam0/utils/stdio/write.o
                0x200009f4                ptr_put
                0x200009f8                stdio_base
 COMMON         0x200009fc        0x8 src/ASF/thirdparty/fatfs/fatfs-port-r0.09/diskio.o
                0x200009fc                rtc_instance
 COMMON         0x20000a04      0x2ce src/BootMain.o
                0x20000a04                fno
                0x20000a24                fs
                0x20000c54                file_object
                0x20000c78                cdc_uart_module
                0x20000cac                dir
                0x20000cd0                res
                0x20000cd1                status
 *fill*         0x20000cd2        0x2 
 COMMON         0x20000cd4        0x4 k:/atmel/studio/7.0/toolchain/arm/arm-gnu-toolchain/bin/../lib/gcc/arm-none-eabi/6.3.1/../../../../arm-none-eabi/lib/thumb/v6-m\libc_nano.a(lib_a-reent.o)
                0x20000cd4                errno
                0x20000cd8                . = ALIGN (0x4)
                0x20000cd8                _ebss = .
                0x20000cd8                _ezero = .

.stack          0x20000cd8     0x2000 load address 0x0000dab0
                0x20000cd8                . = ALIGN (0x8)
                0x20000cd8                _sstack = .
                0x20002cd8                . = (. + STACK_SIZE)
 *fill*         0x20000cd8     0x2000 
                0x20002cd8                . = ALIGN (0x8)
                0x20002cd8                _estack = .
                0x20002cd8                . = ALIGN (0x4)
                0x20002cd8                _end = .
OUTPUT(ESE516 BOOTLOADER.elf elf32-littlearm)

.ARM.attributes
                0x00000000       0x28
 .ARM.attributes
                0x00000000       0x1e k:/atmel/studio/7.0/toolchain/arm/arm-gnu-toolchain/bin/../lib/gcc/arm-none-eabi/6.3.1/thumb/v6-m/crti.o
 .ARM.attributes
                0x0000001e       0x2c k:/atmel/studio/7.0/toolchain/arm/arm-gnu-toolchain/bin/../lib/gcc/arm-none-eabi/6.3.1/thumb/v6-m/crtbegin.o
 .ARM.attributes
                0x0000004a       0x32 src/ASF/common2/services/delay/sam0/systick_counter.o
 .ARM.attributes
                0x0000007c       0x32 src/Systick/Systick.o
 .ARM.attributes
                0x000000ae       0x32 src/ASF/sam0/boards/board_init.o
 .ARM.attributes
                0x000000e0       0x32 src/ASF/sam0/drivers/nvm/nvm.o
 .ARM.attributes
                0x00000112       0x32 src/SD Card/SdCard.o
 .ARM.attributes
                0x00000144       0x32 src/SerialConsole/circular_buffer.o
 .ARM.attributes
                0x00000176       0x32 src/SerialConsole/SerialConsole.o
 .ARM.attributes
                0x000001a8       0x32 src/ASF/common2/components/memory/sd_mmc/sd_mmc.o
 .ARM.attributes
                0x000001da       0x32 src/ASF/common2/components/memory/sd_mmc/sd_mmc_mem.o
 .ARM.attributes
                0x0000020c       0x32 src/ASF/common2/components/memory/sd_mmc/sd_mmc_spi.o
 .ARM.attributes
                0x0000023e       0x32 src/ASF/common/services/storage/ctrl_access/ctrl_access.o
 .ARM.attributes
                0x00000270       0x32 src/ASF/common/utils/interrupt/interrupt_sam_nvic.o
 .ARM.attributes
                0x000002a2       0x32 src/ASF/sam0/drivers/port/port.o
 .ARM.attributes
                0x000002d4       0x32 src/ASF/sam0/drivers/rtc/rtc_sam_d_r_h/rtc_calendar.o
 .ARM.attributes
                0x00000306       0x32 src/ASF/sam0/drivers/sercom/sercom.o
 .ARM.attributes
                0x00000338       0x32 src/ASF/sam0/drivers/sercom/sercom_interrupt.o
 .ARM.attributes
                0x0000036a       0x32 src/ASF/sam0/drivers/sercom/spi/spi.o
 .ARM.attributes
                0x0000039c       0x32 src/ASF/sam0/drivers/sercom/spi/spi_interrupt.o
 .ARM.attributes
                0x000003ce       0x32 src/ASF/sam0/drivers/sercom/usart/usart.o
 .ARM.attributes
                0x00000400       0x32 src/ASF/sam0/drivers/sercom/usart/usart_interrupt.o
 .ARM.attributes
                0x00000432       0x32 src/ASF/sam0/drivers/system/clock/clock_samd21_r21_da_ha1/clock.o
 .ARM.attributes
                0x00000464       0x32 src/ASF/sam0/drivers/system/clock/clock_samd21_r21_da_ha1/gclk.o
 .ARM.attributes
                0x00000496       0x32 src/ASF/sam0/drivers/system/pinmux/pinmux.o
 .ARM.attributes
                0x000004c8       0x32 src/ASF/sam0/drivers/system/system.o
 .ARM.attributes
                0x000004fa       0x32 src/ASF/sam0/utils/cmsis/samd21/source/gcc/startup_samd21.o
 .ARM.attributes
                0x0000052c       0x32 src/ASF/sam0/utils/stdio/read.o
 .ARM.attributes
                0x0000055e       0x32 src/ASF/sam0/utils/stdio/write.o
 .ARM.attributes
                0x00000590       0x32 src/ASF/sam0/utils/syscalls/gcc/syscalls.o
 .ARM.attributes
                0x000005c2       0x32 src/ASF/thirdparty/fatfs/fatfs-port-r0.09/diskio.o
 .ARM.attributes
                0x000005f4       0x32 src/ASF/thirdparty/fatfs/fatfs-port-r0.09/sam0/fattime_rtc.o
 .ARM.attributes
                0x00000626       0x32 src/ASF/thirdparty/fatfs/fatfs-r0.09/src/ff.o
 .ARM.attributes
                0x00000658       0x32 src/ASF/thirdparty/fatfs/fatfs-r0.09/src/option/ccsbcs.o
 .ARM.attributes
                0x0000068a       0x32 src/BootMain.o
 .ARM.attributes
                0x000006bc       0x1e k:/atmel/studio/7.0/toolchain/arm/arm-gnu-toolchain/bin/../lib/gcc/arm-none-eabi/6.3.1/thumb/v6-m\libgcc.a(_udivsi3.o)
 .ARM.attributes
                0x000006da       0x1e k:/atmel/studio/7.0/toolchain/arm/arm-gnu-toolchain/bin/../lib/gcc/arm-none-eabi/6.3.1/thumb/v6-m\libgcc.a(_divsi3.o)
 .ARM.attributes
                0x000006f8       0x1e k:/atmel/studio/7.0/toolchain/arm/arm-gnu-toolchain/bin/../lib/gcc/arm-none-eabi/6.3.1/thumb/v6-m\libgcc.a(_dvmd_tls.o)
 .ARM.attributes
                0x00000716       0x2c k:/atmel/studio/7.0/toolchain/arm/arm-gnu-toolchain/bin/../lib/gcc/arm-none-eabi/6.3.1/thumb/v6-m\libgcc.a(_muldi3.o)
 .ARM.attributes
                0x00000742       0x2c k:/atmel/studio/7.0/toolchain/arm/arm-gnu-toolchain/bin/../lib/gcc/arm-none-eabi/6.3.1/../../../../arm-none-eabi/lib/thumb/v6-m\libc_nano.a(lib_a-impure.o)
 .ARM.attributes
                0x0000076e       0x2c k:/atmel/studio/7.0/toolchain/arm/arm-gnu-toolchain/bin/../lib/gcc/arm-none-eabi/6.3.1/../../../../arm-none-eabi/lib/thumb/v6-m\libc_nano.a(lib_a-init.o)
 .ARM.attributes
                0x0000079a       0x2c k:/atmel/studio/7.0/toolchain/arm/arm-gnu-toolchain/bin/../lib/gcc/arm-none-eabi/6.3.1/../../../../arm-none-eabi/lib/thumb/v6-m\libc_nano.a(lib_a-malloc.o)
 .ARM.attributes
                0x000007c6       0x2c k:/atmel/studio/7.0/toolchain/arm/arm-gnu-toolchain/bin/../lib/gcc/arm-none-eabi/6.3.1/../../../../arm-none-eabi/lib/thumb/v6-m\libc_nano.a(lib_a-memcpy-stub.o)
 .ARM.attributes
                0x000007f2       0x2c k:/atmel/studio/7.0/toolchain/arm/arm-gnu-toolchain/bin/../lib/gcc/arm-none-eabi/6.3.1/../../../../arm-none-eabi/lib/thumb/v6-m\libc_nano.a(lib_a-memset.o)
 .ARM.attributes
                0x0000081e       0x2c k:/atmel/studio/7.0/toolchain/arm/arm-gnu-toolchain/bin/../lib/gcc/arm-none-eabi/6.3.1/../../../../arm-none-eabi/lib/thumb/v6-m\libc_nano.a(lib_a-nano-freer.o)
 .ARM.attributes
                0x0000084a       0x2c k:/atmel/studio/7.0/toolchain/arm/arm-gnu-toolchain/bin/../lib/gcc/arm-none-eabi/6.3.1/../../../../arm-none-eabi/lib/thumb/v6-m\libc_nano.a(lib_a-nano-mallocr.o)
 .ARM.attributes
                0x00000876       0x2c k:/atmel/studio/7.0/toolchain/arm/arm-gnu-toolchain/bin/../lib/gcc/arm-none-eabi/6.3.1/../../../../arm-none-eabi/lib/thumb/v6-m\libc_nano.a(lib_a-sbrkr.o)
 .ARM.attributes
                0x000008a2       0x2c k:/atmel/studio/7.0/toolchain/arm/arm-gnu-toolchain/bin/../lib/gcc/arm-none-eabi/6.3.1/../../../../arm-none-eabi/lib/thumb/v6-m\libc_nano.a(lib_a-setbuf.o)
 .ARM.attributes
                0x000008ce       0x2c k:/atmel/studio/7.0/toolchain/arm/arm-gnu-toolchain/bin/../lib/gcc/arm-none-eabi/6.3.1/../../../../arm-none-eabi/lib/thumb/v6-m\libc_nano.a(lib_a-setvbuf.o)
 .ARM.attributes
                0x000008fa       0x2c k:/atmel/studio/7.0/toolchain/arm/arm-gnu-toolchain/bin/../lib/gcc/arm-none-eabi/6.3.1/../../../../arm-none-eabi/lib/thumb/v6-m\libc_nano.a(lib_a-snprintf.o)
 .ARM.attributes
                0x00000926       0x1c k:/atmel/studio/7.0/toolchain/arm/arm-gnu-toolchain/bin/../lib/gcc/arm-none-eabi/6.3.1/../../../../arm-none-eabi/lib/thumb/v6-m\libc_nano.a(lib_a-strcmp.o)
 .ARM.attributes
                0x00000942       0x1c k:/atmel/studio/7.0/toolchain/arm/arm-gnu-toolchain/bin/../lib/gcc/arm-none-eabi/6.3.1/../../../../arm-none-eabi/lib/thumb/v6-m\libc_nano.a(lib_a-strlen.o)
 .ARM.attributes
                0x0000095e       0x2c k:/atmel/studio/7.0/toolchain/arm/arm-gnu-toolchain/bin/../lib/gcc/arm-none-eabi/6.3.1/../../../../arm-none-eabi/lib/thumb/v6-m\libc_nano.a(lib_a-fflush.o)
 .ARM.attributes
                0x0000098a       0x2c k:/atmel/studio/7.0/toolchain/arm/arm-gnu-toolchain/bin/../lib/gcc/arm-none-eabi/6.3.1/../../../../arm-none-eabi/lib/thumb/v6-m\libc_nano.a(lib_a-findfp.o)
 .ARM.attributes
                0x000009b6       0x2c k:/atmel/studio/7.0/toolchain/arm/arm-gnu-toolchain/bin/../lib/gcc/arm-none-eabi/6.3.1/../../../../arm-none-eabi/lib/thumb/v6-m\libc_nano.a(lib_a-fwalk.o)
 .ARM.attributes
                0x000009e2       0x2c k:/atmel/studio/7.0/toolchain/arm/arm-gnu-toolchain/bin/../lib/gcc/arm-none-eabi/6.3.1/../../../../arm-none-eabi/lib/thumb/v6-m\libc_nano.a(lib_a-makebuf.o)
 .ARM.attributes
                0x00000a0e       0x2c k:/atmel/studio/7.0/toolchain/arm/arm-gnu-toolchain/bin/../lib/gcc/arm-none-eabi/6.3.1/../../../../arm-none-eabi/lib/thumb/v6-m\libc_nano.a(lib_a-mlock.o)
 .ARM.attributes
                0x00000a3a       0x2c k:/atmel/studio/7.0/toolchain/arm/arm-gnu-toolchain/bin/../lib/gcc/arm-none-eabi/6.3.1/../../../../arm-none-eabi/lib/thumb/v6-m\libc_nano.a(lib_a-nano-svfprintf.o)
 .ARM.attributes
                0x00000a66       0x2c k:/atmel/studio/7.0/toolchain/arm/arm-gnu-toolchain/bin/../lib/gcc/arm-none-eabi/6.3.1/../../../../arm-none-eabi/lib/thumb/v6-m\libc_nano.a(lib_a-nano-vfprintf_i.o)
 .ARM.attributes
                0x00000a92       0x2c k:/atmel/studio/7.0/toolchain/arm/arm-gnu-toolchain/bin/../lib/gcc/arm-none-eabi/6.3.1/../../../../arm-none-eabi/lib/thumb/v6-m\libc_nano.a(lib_a-reent.o)
 .ARM.attributes
                0x00000abe       0x2c k:/atmel/studio/7.0/toolchain/arm/arm-gnu-toolchain/bin/../lib/gcc/arm-none-eabi/6.3.1/../../../../arm-none-eabi/lib/thumb/v6-m\libc_nano.a(lib_a-stdio.o)
 .ARM.attributes
                0x00000aea       0x2c k:/atmel/studio/7.0/toolchain/arm/arm-gnu-toolchain/bin/../lib/gcc/arm-none-eabi/6.3.1/../../../../arm-none-eabi/lib/thumb/v6-m\libc_nano.a(lib_a-writer.o)
 .ARM.attributes
                0x00000b16       0x2c k:/atmel/studio/7.0/toolchain/arm/arm-gnu-toolchain/bin/../lib/gcc/arm-none-eabi/6.3.1/../../../../arm-none-eabi/lib/thumb/v6-m\libc_nano.a(lib_a-closer.o)
 .ARM.attributes
                0x00000b42       0x2c k:/atmel/studio/7.0/toolchain/arm/arm-gnu-toolchain/bin/../lib/gcc/arm-none-eabi/6.3.1/../../../../arm-none-eabi/lib/thumb/v6-m\libc_nano.a(lib_a-fstatr.o)
 .ARM.attributes
                0x00000b6e       0x2c k:/atmel/studio/7.0/toolchain/arm/arm-gnu-toolchain/bin/../lib/gcc/arm-none-eabi/6.3.1/../../../../arm-none-eabi/lib/thumb/v6-m\libc_nano.a(lib_a-lseekr.o)
 .ARM.attributes
                0x00000b9a       0x2c k:/atmel/studio/7.0/toolchain/arm/arm-gnu-toolchain/bin/../lib/gcc/arm-none-eabi/6.3.1/../../../../arm-none-eabi/lib/thumb/v6-m\libc_nano.a(lib_a-memchr-stub.o)
 .ARM.attributes
                0x00000bc6       0x2c k:/atmel/studio/7.0/toolchain/arm/arm-gnu-toolchain/bin/../lib/gcc/arm-none-eabi/6.3.1/../../../../arm-none-eabi/lib/thumb/v6-m\libc_nano.a(lib_a-memmove.o)
 .ARM.attributes
                0x00000bf2       0x2c k:/atmel/studio/7.0/toolchain/arm/arm-gnu-toolchain/bin/../lib/gcc/arm-none-eabi/6.3.1/../../../../arm-none-eabi/lib/thumb/v6-m\libc_nano.a(lib_a-nano-reallocr.o)
 .ARM.attributes
                0x00000c1e       0x2c k:/atmel/studio/7.0/toolchain/arm/arm-gnu-toolchain/bin/../lib/gcc/arm-none-eabi/6.3.1/../../../../arm-none-eabi/lib/thumb/v6-m\libc_nano.a(lib_a-readr.o)
 .ARM.attributes
                0x00000c4a       0x2c k:/atmel/studio/7.0/toolchain/arm/arm-gnu-toolchain/bin/../lib/gcc/arm-none-eabi/6.3.1/../../../../arm-none-eabi/lib/thumb/v6-m\libc_nano.a(lib_a-nano-msizer.o)
 .ARM.attributes
                0x00000c76       0x1e k:/atmel/studio/7.0/toolchain/arm/arm-gnu-toolchain/bin/../lib/gcc/arm-none-eabi/6.3.1/thumb/v6-m/crtn.o

.comment        0x00000000       0x59
 .comment       0x00000000       0x59 src/ASF/common2/services/delay/sam0/systick_counter.o
                                 0x5a (size before relaxing)
 .comment       0x00000059       0x5a src/Systick/Systick.o
 .comment       0x00000059       0x5a src/ASF/sam0/boards/board_init.o
 .comment       0x00000059       0x5a src/ASF/sam0/drivers/nvm/nvm.o
 .comment       0x00000059       0x5a src/SD Card/SdCard.o
 .comment       0x00000059       0x5a src/SerialConsole/circular_buffer.o
 .comment       0x00000059       0x5a src/SerialConsole/SerialConsole.o
 .comment       0x00000059       0x5a src/ASF/common2/components/memory/sd_mmc/sd_mmc.o
 .comment       0x00000059       0x5a src/ASF/common2/components/memory/sd_mmc/sd_mmc_mem.o
 .comment       0x00000059       0x5a src/ASF/common2/components/memory/sd_mmc/sd_mmc_spi.o
 .comment       0x00000059       0x5a src/ASF/common/services/storage/ctrl_access/ctrl_access.o
 .comment       0x00000059       0x5a src/ASF/common/utils/interrupt/interrupt_sam_nvic.o
 .comment       0x00000059       0x5a src/ASF/sam0/drivers/port/port.o
 .comment       0x00000059       0x5a src/ASF/sam0/drivers/rtc/rtc_sam_d_r_h/rtc_calendar.o
 .comment       0x00000059       0x5a src/ASF/sam0/drivers/sercom/sercom.o
 .comment       0x00000059       0x5a src/ASF/sam0/drivers/sercom/sercom_interrupt.o
 .comment       0x00000059       0x5a src/ASF/sam0/drivers/sercom/spi/spi.o
 .comment       0x00000059       0x5a src/ASF/sam0/drivers/sercom/spi/spi_interrupt.o
 .comment       0x00000059       0x5a src/ASF/sam0/drivers/sercom/usart/usart.o
 .comment       0x00000059       0x5a src/ASF/sam0/drivers/sercom/usart/usart_interrupt.o
 .comment       0x00000059       0x5a src/ASF/sam0/drivers/system/clock/clock_samd21_r21_da_ha1/clock.o
 .comment       0x00000059       0x5a src/ASF/sam0/drivers/system/clock/clock_samd21_r21_da_ha1/gclk.o
 .comment       0x00000059       0x5a src/ASF/sam0/drivers/system/pinmux/pinmux.o
 .comment       0x00000059       0x5a src/ASF/sam0/drivers/system/system.o
 .comment       0x00000059       0x5a src/ASF/sam0/utils/cmsis/samd21/source/gcc/startup_samd21.o
 .comment       0x00000059       0x5a src/ASF/sam0/utils/stdio/read.o
 .comment       0x00000059       0x5a src/ASF/sam0/utils/stdio/write.o
 .comment       0x00000059       0x5a src/ASF/sam0/utils/syscalls/gcc/syscalls.o
 .comment       0x00000059       0x5a src/ASF/thirdparty/fatfs/fatfs-port-r0.09/diskio.o
 .comment       0x00000059       0x5a src/ASF/thirdparty/fatfs/fatfs-port-r0.09/sam0/fattime_rtc.o
 .comment       0x00000059       0x5a src/ASF/thirdparty/fatfs/fatfs-r0.09/src/ff.o
 .comment       0x00000059       0x5a src/ASF/thirdparty/fatfs/fatfs-r0.09/src/option/ccsbcs.o
 .comment       0x00000059       0x5a src/BootMain.o

.debug_info     0x00000000    0x4adcb
 .debug_info    0x00000000      0xb60 src/ASF/common2/services/delay/sam0/systick_counter.o
 .debug_info    0x00000b60     0x2db2 src/Systick/Systick.o
 .debug_info    0x00003912     0x12a7 src/ASF/sam0/boards/board_init.o
 .debug_info    0x00004bb9     0x2471 src/ASF/sam0/drivers/nvm/nvm.o
 .debug_info    0x0000702a     0x29ef src/SD Card/SdCard.o
 .debug_info    0x00009a19      0xd03 src/SerialConsole/circular_buffer.o
 .debug_info    0x0000a71c     0x39a9 src/SerialConsole/SerialConsole.o
 .debug_info    0x0000e0c5     0x3c32 src/ASF/common2/components/memory/sd_mmc/sd_mmc.o
 .debug_info    0x00011cf7      0xffe src/ASF/common2/components/memory/sd_mmc/sd_mmc_mem.o
 .debug_info    0x00012cf5     0x44c4 src/ASF/common2/components/memory/sd_mmc/sd_mmc_spi.o
 .debug_info    0x000171b9      0xe61 src/ASF/common/services/storage/ctrl_access/ctrl_access.o
 .debug_info    0x0001801a      0xb0c src/ASF/common/utils/interrupt/interrupt_sam_nvic.o
 .debug_info    0x00018b26     0x127c src/ASF/sam0/drivers/port/port.o
 .debug_info    0x00019da2     0x3104 src/ASF/sam0/drivers/rtc/rtc_sam_d_r_h/rtc_calendar.o
 .debug_info    0x0001cea6     0x2d91 src/ASF/sam0/drivers/sercom/sercom.o
 .debug_info    0x0001fc37     0x2b6a src/ASF/sam0/drivers/sercom/sercom_interrupt.o
 .debug_info    0x000227a1     0x55cb src/ASF/sam0/drivers/sercom/spi/spi.o
 .debug_info    0x00027d6c     0x3098 src/ASF/sam0/drivers/sercom/spi/spi_interrupt.o
 .debug_info    0x0002ae04     0x4875 src/ASF/sam0/drivers/sercom/usart/usart.o
 .debug_info    0x0002f679     0x2f5b src/ASF/sam0/drivers/sercom/usart/usart_interrupt.o
 .debug_info    0x000325d4     0x384e src/ASF/sam0/drivers/system/clock/clock_samd21_r21_da_ha1/clock.o
 .debug_info    0x00035e22     0x1d0b src/ASF/sam0/drivers/system/clock/clock_samd21_r21_da_ha1/gclk.o
 .debug_info    0x00037b2d     0x13be src/ASF/sam0/drivers/system/pinmux/pinmux.o
 .debug_info    0x00038eeb      0xa74 src/ASF/sam0/drivers/system/system.o
 .debug_info    0x0003995f     0x3a42 src/ASF/sam0/utils/cmsis/samd21/source/gcc/startup_samd21.o
 .debug_info    0x0003d3a1      0xabf src/ASF/sam0/utils/stdio/read.o
 .debug_info    0x0003de60      0xac8 src/ASF/sam0/utils/stdio/write.o
 .debug_info    0x0003e928      0xda1 src/ASF/sam0/utils/syscalls/gcc/syscalls.o
 .debug_info    0x0003f6c9     0x24a8 src/ASF/thirdparty/fatfs/fatfs-port-r0.09/diskio.o
 .debug_info    0x00041b71     0x1f20 src/ASF/thirdparty/fatfs/fatfs-port-r0.09/sam0/fattime_rtc.o
 .debug_info    0x00043a91     0x276d src/ASF/thirdparty/fatfs/fatfs-r0.09/src/ff.o
 .debug_info    0x000461fe      0x16a src/ASF/thirdparty/fatfs/fatfs-r0.09/src/option/ccsbcs.o
 .debug_info    0x00046368     0x4a63 src/BootMain.o

.debug_abbrev   0x00000000     0x5ce7
 .debug_abbrev  0x00000000      0x22d src/ASF/common2/services/delay/sam0/systick_counter.o
 .debug_abbrev  0x0000022d      0x2f7 src/Systick/Systick.o
 .debug_abbrev  0x00000524      0x2a2 src/ASF/sam0/boards/board_init.o
 .debug_abbrev  0x000007c6      0x36f src/ASF/sam0/drivers/nvm/nvm.o
 .debug_abbrev  0x00000b35      0x29c src/SD Card/SdCard.o
 .debug_abbrev  0x00000dd1      0x211 src/SerialConsole/circular_buffer.o
 .debug_abbrev  0x00000fe2      0x3d3 src/SerialConsole/SerialConsole.o
 .debug_abbrev  0x000013b5      0x398 src/ASF/common2/components/memory/sd_mmc/sd_mmc.o
 .debug_abbrev  0x0000174d      0x23c src/ASF/common2/components/memory/sd_mmc/sd_mmc_mem.o
 .debug_abbrev  0x00001989      0x40e src/ASF/common2/components/memory/sd_mmc/sd_mmc_spi.o
 .debug_abbrev  0x00001d97      0x24f src/ASF/common/services/storage/ctrl_access/ctrl_access.o
 .debug_abbrev  0x00001fe6      0x22e src/ASF/common/utils/interrupt/interrupt_sam_nvic.o
 .debug_abbrev  0x00002214      0x27b src/ASF/sam0/drivers/port/port.o
 .debug_abbrev  0x0000248f      0x3ac src/ASF/sam0/drivers/rtc/rtc_sam_d_r_h/rtc_calendar.o
 .debug_abbrev  0x0000283b      0x30e src/ASF/sam0/drivers/sercom/sercom.o